Archive member included to satisfy reference by file (symbol)

d:/iti/c/imt_environment/imt_sdk_win_64/winarm/armgcc/bin/../lib/gcc/arm-none-eabi/7.2.1/../../../../arm-none-eabi/lib/thumb/v7-m\libg_nano.a(lib_a-errno.o)
                              ./system/src/newlib/_sbrk.o (__errno)
d:/iti/c/imt_environment/imt_sdk_win_64/winarm/armgcc/bin/../lib/gcc/arm-none-eabi/7.2.1/../../../../arm-none-eabi/lib/thumb/v7-m\libg_nano.a(lib_a-impure.o)
                              d:/iti/c/imt_environment/imt_sdk_win_64/winarm/armgcc/bin/../lib/gcc/arm-none-eabi/7.2.1/../../../../arm-none-eabi/lib/thumb/v7-m\libg_nano.a(lib_a-errno.o) (_impure_ptr)
d:/iti/c/imt_environment/imt_sdk_win_64/winarm/armgcc/bin/../lib/gcc/arm-none-eabi/7.2.1/../../../../arm-none-eabi/lib/thumb/v7-m\libg_nano.a(lib_a-memset.o)
                              ./src/wifi_function.o (memset)
d:/iti/c/imt_environment/imt_sdk_win_64/winarm/armgcc/bin/../lib/gcc/arm-none-eabi/7.2.1/../../../../arm-none-eabi/lib/thumb/v7-m\libg_nano.a(lib_a-printf.o)
                              ./src/wifi_function.o (printf)
d:/iti/c/imt_environment/imt_sdk_win_64/winarm/armgcc/bin/../lib/gcc/arm-none-eabi/7.2.1/../../../../arm-none-eabi/lib/thumb/v7-m\libg_nano.a(lib_a-scanf.o)
                              ./src/wifi_function.o (scanf)
d:/iti/c/imt_environment/imt_sdk_win_64/winarm/armgcc/bin/../lib/gcc/arm-none-eabi/7.2.1/../../../../arm-none-eabi/lib/thumb/v7-m\libg_nano.a(lib_a-sprintf.o)
                              ./src/wifi_function.o (sprintf)
d:/iti/c/imt_environment/imt_sdk_win_64/winarm/armgcc/bin/../lib/gcc/arm-none-eabi/7.2.1/../../../../arm-none-eabi/lib/thumb/v7-m\libg_nano.a(lib_a-strlen.o)
                              ./system/src/diag/Trace.o (strlen)
d:/iti/c/imt_environment/imt_sdk_win_64/winarm/armgcc/bin/../lib/gcc/arm-none-eabi/7.2.1/../../../../arm-none-eabi/lib/thumb/v7-m\libg_nano.a(lib_a-strstr.o)
                              ./src/wifi_function.o (strstr)
d:/iti/c/imt_environment/imt_sdk_win_64/winarm/armgcc/bin/../lib/gcc/arm-none-eabi/7.2.1/../../../../arm-none-eabi/lib/thumb/v7-m\libg_nano.a(lib_a-strtok.o)
                              ./src/wifi_function.o (strtok)
d:/iti/c/imt_environment/imt_sdk_win_64/winarm/armgcc/bin/../lib/gcc/arm-none-eabi/7.2.1/../../../../arm-none-eabi/lib/thumb/v7-m\libg_nano.a(lib_a-strtok_r.o)
                              d:/iti/c/imt_environment/imt_sdk_win_64/winarm/armgcc/bin/../lib/gcc/arm-none-eabi/7.2.1/../../../../arm-none-eabi/lib/thumb/v7-m\libg_nano.a(lib_a-strtok.o) (__strtok_r)
d:/iti/c/imt_environment/imt_sdk_win_64/winarm/armgcc/bin/../lib/gcc/arm-none-eabi/7.2.1/../../../../arm-none-eabi/lib/thumb/v7-m\libg_nano.a(lib_a-vsnprintf.o)
                              ./system/src/diag/Trace.o (vsnprintf)
d:/iti/c/imt_environment/imt_sdk_win_64/winarm/armgcc/bin/../lib/gcc/arm-none-eabi/7.2.1/../../../../arm-none-eabi/lib/thumb/v7-m\libg_nano.a(lib_a-findfp.o)
                              d:/iti/c/imt_environment/imt_sdk_win_64/winarm/armgcc/bin/../lib/gcc/arm-none-eabi/7.2.1/../../../../arm-none-eabi/lib/thumb/v7-m\libg_nano.a(lib_a-printf.o) (__sinit)
d:/iti/c/imt_environment/imt_sdk_win_64/winarm/armgcc/bin/../lib/gcc/arm-none-eabi/7.2.1/../../../../arm-none-eabi/lib/thumb/v7-m\libg_nano.a(lib_a-fwalk.o)
                              d:/iti/c/imt_environment/imt_sdk_win_64/winarm/armgcc/bin/../lib/gcc/arm-none-eabi/7.2.1/../../../../arm-none-eabi/lib/thumb/v7-m\libg_nano.a(lib_a-findfp.o) (_fwalk)
d:/iti/c/imt_environment/imt_sdk_win_64/winarm/armgcc/bin/../lib/gcc/arm-none-eabi/7.2.1/../../../../arm-none-eabi/lib/thumb/v7-m\libg_nano.a(lib_a-malloc.o)
                              d:/iti/c/imt_environment/imt_sdk_win_64/winarm/armgcc/bin/../lib/gcc/arm-none-eabi/7.2.1/../../../../arm-none-eabi/lib/thumb/v7-m\libg_nano.a(lib_a-strtok.o) (malloc)
d:/iti/c/imt_environment/imt_sdk_win_64/winarm/armgcc/bin/../lib/gcc/arm-none-eabi/7.2.1/../../../../arm-none-eabi/lib/thumb/v7-m\libg_nano.a(lib_a-nano-freer.o)
                              d:/iti/c/imt_environment/imt_sdk_win_64/winarm/armgcc/bin/../lib/gcc/arm-none-eabi/7.2.1/../../../../arm-none-eabi/lib/thumb/v7-m\libg_nano.a(lib_a-malloc.o) (_free_r)
d:/iti/c/imt_environment/imt_sdk_win_64/winarm/armgcc/bin/../lib/gcc/arm-none-eabi/7.2.1/../../../../arm-none-eabi/lib/thumb/v7-m\libg_nano.a(lib_a-nano-mallocr.o)
                              d:/iti/c/imt_environment/imt_sdk_win_64/winarm/armgcc/bin/../lib/gcc/arm-none-eabi/7.2.1/../../../../arm-none-eabi/lib/thumb/v7-m\libg_nano.a(lib_a-findfp.o) (_malloc_r)
d:/iti/c/imt_environment/imt_sdk_win_64/winarm/armgcc/bin/../lib/gcc/arm-none-eabi/7.2.1/../../../../arm-none-eabi/lib/thumb/v7-m\libg_nano.a(lib_a-nano-svfprintf.o)
                              d:/iti/c/imt_environment/imt_sdk_win_64/winarm/armgcc/bin/../lib/gcc/arm-none-eabi/7.2.1/../../../../arm-none-eabi/lib/thumb/v7-m\libg_nano.a(lib_a-sprintf.o) (_svfprintf_r)
[...]
Memory Configuration

Name             Origin             Length             Attributes
RAM              0x20000000         0x00005000         xrw
CCMRAM           0x00000000         0x00000000         xrw
FLASH            0x08000000         0x00020000         xr
FLASHB1          0x00000000         0x00000000         xr
EXTMEMB0         0x00000000         0x00000000         xr
EXTMEMB1         0x00000000         0x00000000         xr
EXTMEMB2         0x00000000         0x00000000         xr
EXTMEMB3         0x00000000         0x00000000         xr
MEMORY_ARRAY     0x00000000         0x00000000         xrw
*default*        0x00000000         0xffffffff

Linker script and memory map

LOAD ./system/src/stm32f1-stdperiph/misc.o
LOAD ./system/src/stm32f1-stdperiph/stm32f10x_gpio.o
LOAD ./system/src/stm32f1-stdperiph/stm32f10x_rcc.o
LOAD ./system/src/newlib/_cxx.o
LOAD ./system/src/newlib/_exit.o
LOAD ./system/src/newlib/_sbrk.o
LOAD ./system/src/newlib/_startup.o
LOAD ./system/src/newlib/_syscalls.o
LOAD ./system/src/newlib/assert.o
LOAD ./system/src/diag/Trace.o
LOAD ./system/src/diag/trace_impl.o
LOAD ./system/src/cortexm/_initialize_hardware.o
LOAD ./system/src/cortexm/_reset_hardware.o
LOAD ./system/src/cortexm/exception_handlers.o
LOAD ./system/src/cmsis/system_stm32f10x.o
LOAD ./system/src/cmsis/vectors_stm32f10x.o
LOAD ./src/bsp_clkconfig.o
LOAD ./src/bsp_gpio.o
LOAD ./src/bsp_led.o
LOAD ./src/bsp_systick2.o
LOAD ./src/bsp_systick_wifi.o
LOAD ./src/bsp_usart.o
LOAD ./src/bsp_usart1.o
LOAD ./src/bsp_usart2.o
LOAD ./src/main.o
LOAD ./src/stm32f10x_it.o
LOAD ./src/wifi_config.o
LOAD ./src/wifi_function.o
LOAD d:/iti/c/imt_environment/imt_sdk_win_64/winarm/armgcc/bin/../lib/gcc/arm-none-eabi/7.2.1/../../../../arm-none-eabi/lib/thumb/v7-m\libstdc++_nano.a
LOAD d:/iti/c/imt_environment/imt_sdk_win_64/winarm/armgcc/bin/../lib/gcc/arm-none-eabi/7.2.1/../../../../arm-none-eabi/lib/thumb/v7-m\libm.a
START GROUP
LOAD d:/iti/c/imt_environment/imt_sdk_win_64/winarm/armgcc/bin/../lib/gcc/arm-none-eabi/7.2.1/thumb/v7-m\libgcc.a
LOAD d:/iti/c/imt_environment/imt_sdk_win_64/winarm/armgcc/bin/../lib/gcc/arm-none-eabi/7.2.1/../../../../arm-none-eabi/lib/thumb/v7-m\libg_nano.a
LOAD d:/iti/c/imt_environment/imt_sdk_win_64/winarm/armgcc/bin/../lib/gcc/arm-none-eabi/7.2.1/../../../../arm-none-eabi/lib/thumb/v7-m\libc_nano.a
END GROUP
START GROUP
LOAD d:/iti/c/imt_environment/imt_sdk_win_64/winarm/armgcc/bin/../lib/gcc/arm-none-eabi/7.2.1/thumb/v7-m\libgcc.a
LOAD d:/iti/c/imt_environment/imt_sdk_win_64/winarm/armgcc/bin/../lib/gcc/arm-none-eabi/7.2.1/../../../../arm-none-eabi/lib/thumb/v7-m\libc_nano.a
END GROUP
                0x20005000                __stack = (ORIGIN (RAM) + LENGTH (RAM))
                0x20005000                _estack = __stack
                0x00000400                __Main_Stack_Size = 0x400
                [!provide]                PROVIDE (_Main_Stack_Size, __Main_Stack_Size)
                0x20004c00                __Main_Stack_Limit = (__stack - __Main_Stack_Size)
                [!provide]                PROVIDE (_Main_Stack_Limit, __Main_Stack_Limit)
                0x00000100                _Minimum_Stack_Size = 0x100
                0x2000052c                PROVIDE (_Heap_Begin, _end_noinit)
                0x20004c00                PROVIDE (_Heap_Limit, (__stack - __Main_Stack_Size))

.isr_vector     0x08000000      0x350
 FILL mask 0xff
                0x08000000                __vectors_start = ABSOLUTE (.)
                0x08000000                __vectors_start__ = ABSOLUTE (.)
 *(.isr_vector)
 .isr_vector    0x08000000      0x10c ./system/src/cmsis/vectors_stm32f10x.o
                0x08000000                __isr_vectors
 *(.cfmconfig)
 *(.after_vectors .after_vectors.*)
 .after_vectors
                0x0800010c      0x114 ./system/src/newlib/_startup.o
                0x0800010c                _start
 .after_vectors
                0x08000220      0x12c ./system/src/cortexm/exception_handlers.o
                0x08000220                Reset_Handler
                0x0800023e                HardFault_Handler_C
                0x080002b4                BusFault_Handler_C
                0x080002fc                UsageFault_Handler_C
 .after_vectors
                0x0800034c        0x4 ./system/src/cmsis/vectors_stm32f10x.o
                0x0800034c                EXTI2_IRQHandler
                0x0800034c                TIM8_TRG_COM_IRQHandler
                0x0800034c                TIM8_CC_IRQHandler
                0x0800034c                TIM1_CC_IRQHandler
                0x0800034c                TIM6_IRQHandler
                0x0800034c                PVD_IRQHandler
                0x0800034c                SDIO_IRQHandler
                0x0800034c                CAN2_RX1_IRQHandler
                0x0800034c                EXTI3_IRQHandler
                0x0800034c                TIM8_TRG_COM_TIM14_IRQHandler
                0x0800034c                TIM1_UP_TIM10_IRQHandler
                0x0800034c                TIM8_UP_TIM13_IRQHandler
                0x0800034c                EXTI0_IRQHandler
                0x0800034c                I2C2_EV_IRQHandler
                0x0800034c                CAN1_RX0_IRQHandler
                0x0800034c                TIM1_UP_TIM16_IRQHandler
                0x0800034c                CAN2_SCE_IRQHandler
                0x0800034c                ADC1_2_IRQHandler
                0x0800034c                SPI1_IRQHandler
                0x0800034c                TAMPER_IRQHandler
                0x0800034c                TIM6_DAC_IRQHandler
                0x0800034c                TIM1_BRK_TIM9_IRQHandler
                0x0800034c                CAN2_RX0_IRQHandler
                0x0800034c                TIM8_UP_IRQHandler
                0x0800034c                DMA2_Channel2_IRQHandler
                0x0800034c                DMA1_Channel4_IRQHandler
                0x0800034c                USART3_IRQHandler
                0x0800034c                RTC_IRQHandler
                0x0800034c                DMA1_Channel7_IRQHandler
                0x0800034c                CAN1_RX1_IRQHandler
                0x0800034c                UART5_IRQHandler
                0x0800034c                ADC3_IRQHandler
                0x0800034c                TIM4_IRQHandler
                0x0800034c                DMA2_Channel1_IRQHandler
                0x0800034c                I2C1_EV_IRQHandler
                0x0800034c                DMA1_Channel6_IRQHandler
                0x0800034c                UART4_IRQHandler
                0x0800034c                DMA2_Channel4_IRQHandler
                0x0800034c                TIM3_IRQHandler
                0x0800034c                RCC_IRQHandler
                0x0800034c                TIM8_BRK_TIM12_IRQHandler
                0x0800034c                TIM1_TRG_COM_IRQHandler
                0x0800034c                DMA1_Channel1_IRQHandler
                0x0800034c                Default_Handler
                0x0800034c                CEC_IRQHandler
                0x0800034c                EXTI15_10_IRQHandler
                0x0800034c                TIM14_IRQHandler
                0x0800034c                TIM13_IRQHandler
                0x0800034c                TIM12_IRQHandler
                0x0800034c                TIM7_IRQHandler
                0x0800034c                CAN2_TX_IRQHandler
                0x0800034c                TIM5_IRQHandler
                0x0800034c                EXTI9_5_IRQHandler
                0x0800034c                ETH_WKUP_IRQHandler
                0x0800034c                SPI2_IRQHandler
                0x0800034c                CAN1_TX_IRQHandler
                0x0800034c                DMA2_Channel5_IRQHandler
                0x0800034c                DMA1_Channel5_IRQHandler
                0x0800034c                EXTI4_IRQHandler
                0x0800034c                USB_LP_CAN1_RX0_IRQHandler
                0x0800034c                TIM1_TRG_COM_TIM17_IRQHandler
                0x0800034c                USB_HP_CAN1_TX_IRQHandler
                0x0800034c                DMA1_Channel3_IRQHandler
                0x0800034c                FSMC_IRQHandler
                0x0800034c                ETH_IRQHandler
                0x0800034c                TIM1_UP_IRQHandler
                0x0800034c                WWDG_IRQHandler
                0x0800034c                TIM2_IRQHandler
                0x0800034c                OTG_FS_WKUP_IRQHandler
                0x0800034c                TIM1_TRG_COM_TIM11_IRQHandler
                0x0800034c                TIM1_BRK_IRQHandler
                0x0800034c                EXTI1_IRQHandler
                0x0800034c                RTCAlarm_IRQHandler
                0x0800034c                DMA2_Channel4_5_IRQHandler
                0x0800034c                I2C2_ER_IRQHandler
                0x0800034c                DMA1_Channel2_IRQHandler
                0x0800034c                TIM8_BRK_IRQHandler
                0x0800034c                CAN1_SCE_IRQHandler
                0x0800034c                FLASH_IRQHandler
                0x0800034c                OTG_FS_IRQHandler
                0x0800034c                SPI3_IRQHandler
                0x0800034c                I2C1_ER_IRQHandler
                0x0800034c                USBWakeUp_IRQHandler
                0x0800034c                DMA2_Channel3_IRQHandler
                0x0800034c                TIM1_BRK_TIM15_IRQHandler

.inits          0x08000350       0x28
                0x08000350                __data_regions_array_start = .
                0x08000350        0x4 LONG 0x8001694 LOADADDR (.data)
                0x08000354        0x4 LONG 0x20000000 ADDR (.data)
                0x08000358        0x4 LONG 0x20000088 (ADDR (.data) + SIZEOF (.data))
                0x0800035c        0x4 LONG 0x8001694 LOADADDR (.data_CCMRAM)
                0x08000360        0x4 LONG 0x0 ADDR (.data_CCMRAM)
                0x08000364        0x4 LONG 0x0 (ADDR (.data_CCMRAM) + SIZEOF (.data_CCMRAM))
                0x08000368                __data_regions_array_end = .
                0x08000368                __bss_regions_array_start = .
                0x08000368        0x4 LONG 0x20000088 ADDR (.bss)
                0x0800036c        0x4 LONG 0x2000052c (ADDR (.bss) + SIZEOF (.bss))
                0x08000370        0x4 LONG 0x0 ADDR (.bss_CCMRAM)
                0x08000374        0x4 LONG 0x0 (ADDR (.bss_CCMRAM) + SIZEOF (.bss_CCMRAM))
                0x08000378                __bss_regions_array_end = .
 *(.init)
 *(.fini)
                0x08000378                . = ALIGN (0x4)
                0x08000378                PROVIDE (__preinit_array_start, .)
 *(.preinit_array_sysinit .preinit_array_sysinit.*)
 *(.preinit_array_platform .preinit_array_platform.*)
 *(.preinit_array .preinit_array.*)
                0x08000378                PROVIDE (__preinit_array_end, .)
                0x08000378                . = ALIGN (0x4)
                0x08000378                PROVIDE (__init_array_start, .)
 *(SORT_BY_NAME(.init_array.*))
 *(.init_array)
                0x08000378                PROVIDE (__init_array_end, .)
                0x08000378                . = ALIGN (0x4)
                0x08000378                PROVIDE (__fini_array_start, .)
 *(SORT_BY_NAME(.fini_array.*))
 *(.fini_array)
                0x08000378                PROVIDE (__fini_array_end, .)

.flashtext
 *(.flashtext .flashtext.*)

.text           0x08000378     0x131b
 *(.text .text.*)
 .text.NVIC_PriorityGroupConfig
                0x08000378       0x40 ./system/src/stm32f1-stdperiph/misc.o
                0x08000378                NVIC_PriorityGroupConfig
 .text.NVIC_Init
                0x080003b8       0x98 ./system/src/stm32f1-stdperiph/misc.o
                0x080003b8                NVIC_Init
 .text.GPIO_Init
                0x08000450      0x134 ./system/src/stm32f1-stdperiph/stm32f10x_gpio.o
                0x08000450                GPIO_Init
 .text.RCC_APB2PeriphClockCmd
                0x08000584       0x4c ./system/src/stm32f1-stdperiph/stm32f10x_rcc.o
                0x08000584                RCC_APB2PeriphClockCmd
 .text._exit    0x080005d0        0x2 ./system/src/newlib/_exit.o
                0x080005d0                _exit
 *fill*         0x080005d2        0x2 
 .text.abort    0x080005d4       0x14 ./system/src/newlib/_exit.o
                0x080005d4                abort
 .text._sbrk    0x080005e8       0x44 ./system/src/newlib/_sbrk.o
                0x080005e8                _sbrk
 .text.__initialize_args
                0x0800062c       0x10 ./system/src/newlib/_syscalls.o
                0x0800062c                __initialize_args
 .text.assert_failed
                0x0800063c       0x14 ./system/src/newlib/assert.o
                0x0800063c                assert_failed
 .text.trace_printf
                0x08000650       0x30 ./system/src/diag/Trace.o
                0x08000650                trace_printf
 .text.trace_puts
                0x08000680       0x20 ./system/src/diag/Trace.o
                0x08000680                trace_puts
 .text._trace_write_semihosting_debug
                0x080006a0       0x60 ./system/src/diag/trace_impl.o
 .text.trace_write
                0x08000700        0x8 ./system/src/diag/trace_impl.o
                0x08000700                trace_write
 .text.__initialize_hardware_early
                0x08000708       0x18 ./system/src/cortexm/_initialize_hardware.o
                0x08000708                __initialize_hardware_early
 .text.__initialize_hardware
                0x08000720        0x8 ./system/src/cortexm/_initialize_hardware.o
                0x08000720                __initialize_hardware
 .text.dumpExceptionStack
                0x08000728       0xf4 ./system/src/cortexm/exception_handlers.o
                0x08000728                dumpExceptionStack
 .text.isSemihosting
                0x0800081c       0x20 ./system/src/cortexm/exception_handlers.o
                0x0800081c                isSemihosting
 .text.SetSysClockTo72
                0x0800083c       0xc4 ./system/src/cmsis/system_stm32f10x.o
 .text.SetSysClock
                0x08000900        0x8 ./system/src/cmsis/system_stm32f10x.o
 .text.SystemInit
                0x08000908       0x50 ./system/src/cmsis/system_stm32f10x.o
                0x08000908                SystemInit
 .text.SystemCoreClockUpdate
                0x08000958       0x94 ./system/src/cmsis/system_stm32f10x.o
                0x08000958                SystemCoreClockUpdate
 .text.TimingDelay_Decrement
                0x080009ec       0x14 ./src/bsp_systick_wifi.o
                0x080009ec                TimingDelay_Decrement
 .text.NVIC_Configuration
                0x08000a00       0x2c ./src/bsp_usart.o
 .text.USART_Config
                0x08000a2c       0x94 ./src/bsp_usart.o
                0x08000a2c                USART_Config
 .text.USART1_IRQHandler
                0x08000ac0       0x28 ./src/bsp_usart.o
                0x08000ac0                USART1_IRQHandler
 .text.main     0x08000ae8        0x8 ./src/main.o
                0x08000ae8                main
 .text.NMI_Handler
                0x08000af0        0x2 ./src/stm32f10x_it.o
                0x08000af0                NMI_Handler
 .text.HardFault_Handler
                0x08000af2        0x2 ./src/stm32f10x_it.o
                0x08000af2                HardFault_Handler
 .text.MemManage_Handler
                0x08000af4        0x2 ./src/stm32f10x_it.o
                0x08000af4                MemManage_Handler
 .text.BusFault_Handler
                0x08000af6        0x2 ./src/stm32f10x_it.o
                0x08000af6                BusFault_Handler
 .text.UsageFault_Handler
                0x08000af8        0x2 ./src/stm32f10x_it.o
                0x08000af8                UsageFault_Handler
 .text.SVC_Handler
                0x08000afa        0x2 ./src/stm32f10x_it.o
                0x08000afa                SVC_Handler
 .text.DebugMon_Handler
                0x08000afc        0x2 ./src/stm32f10x_it.o
                0x08000afc                DebugMon_Handler
 .text.PendSV_Handler
                0x08000afe        0x2 ./src/stm32f10x_it.o
                0x08000afe                PendSV_Handler
 .text.SysTick_Handler
                0x08000b00        0x8 ./src/stm32f10x_it.o
                0x08000b00                SysTick_Handler
 .text.USART2_IRQHandler
                0x08000b08       0x74 ./src/stm32f10x_it.o
                0x08000b08                USART2_IRQHandler
 .text.__errno  0x08000b7c        0xc d:/iti/c/imt_environment/imt_sdk_win_64/winarm/armgcc/bin/../lib/gcc/arm-none-eabi/7.2.1/../../../../arm-none-eabi/lib/thumb/v7-m\libg_nano.a(lib_a-errno.o)
                0x08000b7c                __errno
 .text          0x08000b88       0x10 d:/iti/c/imt_environment/imt_sdk_win_64/winarm/armgcc/bin/../lib/gcc/arm-none-eabi/7.2.1/../../../../arm-none-eabi/lib/thumb/v7-m\libg_nano.a(lib_a-strlen.o)
                0x08000b88                strlen
 .text._vsnprintf_r
                0x08000b98       0x58 d:/iti/c/imt_environment/imt_sdk_win_64/winarm/armgcc/bin/../lib/gcc/arm-none-eabi/7.2.1/../../../../arm-none-eabi/lib/thumb/v7-m\libg_nano.a(lib_a-vsnprintf.o)
                0x08000b98                _vsniprintf_r
                0x08000b98                _vsnprintf_r
 .text.vsnprintf
                0x08000bf0       0x1c d:/iti/c/imt_environment/imt_sdk_win_64/winarm/armgcc/bin/../lib/gcc/arm-none-eabi/7.2.1/../../../../arm-none-eabi/lib/thumb/v7-m\libg_nano.a(lib_a-vsnprintf.o)
                0x08000bf0                vsniprintf
                0x08000bf0                vsnprintf
 .text._free_r  0x08000c0c       0x98 d:/iti/c/imt_environment/imt_sdk_win_64/winarm/armgcc/bin/../lib/gcc/arm-none-eabi/7.2.1/../../../../arm-none-eabi/lib/thumb/v7-m\libg_nano.a(lib_a-nano-freer.o)
                0x08000c0c                _free_r
 .text._malloc_r
                0x08000ca4       0xb4 d:/iti/c/imt_environment/imt_sdk_win_64/winarm/armgcc/bin/../lib/gcc/arm-none-eabi/7.2.1/../../../../arm-none-eabi/lib/thumb/v7-m\libg_nano.a(lib_a-nano-mallocr.o)
                0x08000ca4                _malloc_r
 .text.__ssputs_r
                0x08000d58       0xb4 d:/iti/c/imt_environment/imt_sdk_win_64/winarm/armgcc/bin/../lib/gcc/arm-none-eabi/7.2.1/../../../../arm-none-eabi/lib/thumb/v7-m\libg_nano.a(lib_a-nano-svfprintf.o)
                0x08000d58                __ssputs_r
 .text._svfprintf_r
                0x08000e0c      0x1ec d:/iti/c/imt_environment/imt_sdk_win_64/winarm/armgcc/bin/../lib/gcc/arm-none-eabi/7.2.1/../../../../arm-none-eabi/lib/thumb/v7-m\libg_nano.a(lib_a-nano-svfprintf.o)
                0x08000e0c                _svfiprintf_r
                0x08000e0c                _svfprintf_r
 .text._printf_common
                0x08000ff8       0xec d:/iti/c/imt_environment/imt_sdk_win_64/winarm/armgcc/bin/../lib/gcc/arm-none-eabi/7.2.1/../../../../arm-none-eabi/lib/thumb/v7-m\libg_nano.a(lib_a-nano-vfprintf_i.o)
                0x08000ff8                _printf_common
 .text._printf_i
                0x080010e4      0x224 d:/iti/c/imt_environment/imt_sdk_win_64/winarm/armgcc/bin/../lib/gcc/arm-none-eabi/7.2.1/../../../../arm-none-eabi/lib/thumb/v7-m\libg_nano.a(lib_a-nano-vfprintf_i.o)
                0x080010e4                _printf_i
 .text._sbrk_r  0x08001308       0x20 d:/iti/c/imt_environment/imt_sdk_win_64/winarm/armgcc/bin/../lib/gcc/arm-none-eabi/7.2.1/../../../../arm-none-eabi/lib/thumb/v7-m\libg_nano.a(lib_a-sbrkr.o)
                0x08001308                _sbrk_r
 .text.memchr   0x08001328       0x1c d:/iti/c/imt_environment/imt_sdk_win_64/winarm/armgcc/bin/../lib/gcc/arm-none-eabi/7.2.1/../../../../arm-none-eabi/lib/thumb/v7-m\libg_nano.a(lib_a-memchr-stub.o)
                0x08001328                memchr
 .text.memcpy   0x08001344       0x16 d:/iti/c/imt_environment/imt_sdk_win_64/winarm/armgcc/bin/../lib/gcc/arm-none-eabi/7.2.1/../../../../arm-none-eabi/lib/thumb/v7-m\libg_nano.a(lib_a-memcpy-stub.o)
                0x08001344                memcpy
 .text.memmove  0x0800135a       0x32 d:/iti/c/imt_environment/imt_sdk_win_64/winarm/armgcc/bin/../lib/gcc/arm-none-eabi/7.2.1/../../../../arm-none-eabi/lib/thumb/v7-m\libg_nano.a(lib_a-memmove.o)
                0x0800135a                memmove
 .text.__malloc_lock
                0x0800138c        0x2 d:/iti/c/imt_environment/imt_sdk_win_64/winarm/armgcc/bin/../lib/gcc/arm-none-eabi/7.2.1/../../../../arm-none-eabi/lib/thumb/v7-m\libg_nano.a(lib_a-mlock.o)
                0x0800138c                __malloc_lock
 .text.__malloc_unlock
                0x0800138e        0x2 d:/iti/c/imt_environment/imt_sdk_win_64/winarm/armgcc/bin/../lib/gcc/arm-none-eabi/7.2.1/../../../../arm-none-eabi/lib/thumb/v7-m\libg_nano.a(lib_a-mlock.o)
                0x0800138e                __malloc_unlock
 .text._realloc_r
                0x08001390       0x4c d:/iti/c/imt_environment/imt_sdk_win_64/winarm/armgcc/bin/../lib/gcc/arm-none-eabi/7.2.1/../../../../arm-none-eabi/lib/thumb/v7-m\libg_nano.a(lib_a-nano-reallocr.o)
                0x08001390                _realloc_r
 .text._malloc_usable_size_r
                0x080013dc       0x10 d:/iti/c/imt_environment/imt_sdk_win_64/winarm/armgcc/bin/../lib/gcc/arm-none-eabi/7.2.1/../../../../arm-none-eabi/lib/thumb/v7-m\libg_nano.a(lib_a-nano-msizer.o)
                0x080013dc                _malloc_usable_size_r
 *(.rodata .rodata.* .constdata .constdata.*)
 .rodata.NVIC_PriorityGroupConfig.str1.4
                0x080013ec       0x27 ./system/src/stm32f1-stdperiph/misc.o
 *fill*         0x08001413        0x1 
 .rodata.GPIO_DeInit.str1.4
                0x08001414       0x31 ./system/src/stm32f1-stdperiph/stm32f10x_gpio.o
 *fill*         0x08001445        0x3 
 .rodata.RCC_HSEConfig.str1.4
                0x08001448       0x30 ./system/src/stm32f1-stdperiph/stm32f10x_rcc.o
 .rodata.abort.str1.4
                0x08001478       0x14 ./system/src/newlib/_exit.o
 .rodata.assert_failed.str1.4
                0x0800148c       0x2b ./system/src/newlib/assert.o
 .rodata.trace_puts.str1.4
                0x080014b7       0x2b ./system/src/diag/Trace.o
                                  0x2 (size before relaxing)
 *fill*         0x080014b7        0x1 
 .rodata.dumpExceptionStack.str1.4
                0x080014b8      0x11a ./system/src/cortexm/exception_handlers.o
 *fill*         0x080015d2        0x2 
 .rodata.str1.4
                0x080015d4       0x2c ./system/src/cortexm/exception_handlers.o
                                 0x2a (size before relaxing)
 .rodata.__sf_fake_stderr
                0x08001600       0x20 d:/iti/c/imt_environment/imt_sdk_win_64/winarm/armgcc/bin/../lib/gcc/arm-none-eabi/7.2.1/../../../../arm-none-eabi/lib/thumb/v7-m\libg_nano.a(lib_a-findfp.o)
                0x08001600                __sf_fake_stderr
 .rodata.__sf_fake_stdin
                0x08001620       0x20 d:/iti/c/imt_environment/imt_sdk_win_64/winarm/armgcc/bin/../lib/gcc/arm-none-eabi/7.2.1/../../../../arm-none-eabi/lib/thumb/v7-m\libg_nano.a(lib_a-findfp.o)
                0x08001620                __sf_fake_stdin
 .rodata.__sf_fake_stdout
                0x08001640       0x20 d:/iti/c/imt_environment/imt_sdk_win_64/winarm/armgcc/bin/../lib/gcc/arm-none-eabi/7.2.1/../../../../arm-none-eabi/lib/thumb/v7-m\libg_nano.a(lib_a-findfp.o)
                0x08001640                __sf_fake_stdout
 .rodata._svfprintf_r.str1.1
                0x08001660       0x11 d:/iti/c/imt_environment/imt_sdk_win_64/winarm/armgcc/bin/../lib/gcc/arm-none-eabi/7.2.1/../../../../arm-none-eabi/lib/thumb/v7-m\libg_nano.a(lib_a-nano-svfprintf.o)
 .rodata._printf_i.str1.1
                0x08001671       0x22 d:/iti/c/imt_environment/imt_sdk_win_64/winarm/armgcc/bin/../lib/gcc/arm-none-eabi/7.2.1/../../../../arm-none-eabi/lib/thumb/v7-m\libg_nano.a(lib_a-nano-vfprintf_i.o)
 *(vtable)
 *(.eh_frame*)
 *(.glue_7)
 .glue_7        0x08001693        0x0 linker stubs
 *(.glue_7t)
 .glue_7t       0x08001693        0x0 linker stubs

.vfp11_veneer   0x08001694        0x0
 .vfp11_veneer  0x08001694        0x0 linker stubs

.v4_bx          0x08001694        0x0
 .v4_bx         0x08001694        0x0 linker stubs

.iplt           0x08001694        0x0
 .iplt          0x08001694        0x0 ./system/src/stm32f1-stdperiph/misc.o

.rel.dyn        0x08001694        0x0
 .rel.iplt      0x08001694        0x0 ./system/src/stm32f1-stdperiph/misc.o

.ARM.extab
 *(.ARM.extab* .gnu.linkonce.armextab.*)
                0x08001694                . = ALIGN (0x4)
                0x08001694                __exidx_start = .

.ARM.exidx
 *(.ARM.exidx* .gnu.linkonce.armexidx.*)
                0x08001694                __exidx_end = .
                0x08001694                . = ALIGN (0x4)
                0x08001694                _etext = .
                0x08001694                __etext = .

.data_CCMRAM    0x00000000        0x0 load address 0x08001694
 FILL mask 0xff
 *(.data.CCMRAM .data.CCMRAM.*)
                0x00000000                . = ALIGN (0x4)
                0x08001694                _sidata = LOADADDR (.data)

.data           0x20000000       0x88 load address 0x08001694
 FILL mask 0xff
                0x20000000                _sdata = .
                0x20000000                __data_start__ = .
 *(.data_begin .data_begin.*)
 .data_begin    0x20000000        0x4 ./system/src/newlib/_startup.o
 *(.data .data.*)
 .data.argv.4310
                0x20000004        0x8 ./system/src/newlib/_syscalls.o
 .data.AHBPrescTable
                0x2000000c       0x10 ./system/src/cmsis/system_stm32f10x.o
                0x2000000c                AHBPrescTable
 .data.SystemCoreClock
                0x2000001c        0x4 ./system/src/cmsis/system_stm32f10x.o
                0x2000001c                SystemCoreClock
 .data._impure_ptr
                0x20000020        0x4 d:/iti/c/imt_environment/imt_sdk_win_64/winarm/armgcc/bin/../lib/gcc/arm-none-eabi/7.2.1/../../../../arm-none-eabi/lib/thumb/v7-m\libg_nano.a(lib_a-impure.o)
                0x20000020                _impure_ptr
 .data.impure_data
                0x20000024       0x60 d:/iti/c/imt_environment/imt_sdk_win_64/winarm/armgcc/bin/../lib/gcc/arm-none-eabi/7.2.1/../../../../arm-none-eabi/lib/thumb/v7-m\libg_nano.a(lib_a-impure.o)
 *(.data_end .data_end.*)
 .data_end      0x20000084        0x4 ./system/src/newlib/_startup.o
                0x20000088                . = ALIGN (0x4)
                0x20000088                _edata = .
                0x20000088                __data_end__ = .

.igot.plt       0x20000088        0x0 load address 0x0800171c
 .igot.plt      0x20000088        0x0 ./system/src/stm32f1-stdperiph/misc.o

.bss_CCMRAM     0x00000000        0x0
 *(.bss.CCMRAM .bss.CCMRAM.*)

.bss            0x20000088      0x4a4
                0x20000088                __bss_start__ = .
                0x20000088                _sbss = .
 *(.bss_begin .bss_begin.*)
 .bss_begin     0x20000088        0x4 ./system/src/newlib/_startup.o
 *(.bss .bss.*)
 .bss.current_heap_end.3961
                0x2000008c        0x4 ./system/src/newlib/_sbrk.o
 .bss.name.4309
                0x20000090        0x1 ./system/src/newlib/_syscalls.o
 *fill*         0x20000091        0x3 
 .bss.buf.5205  0x20000094       0x80 ./system/src/diag/Trace.o
 .bss.TimingDelay
                0x20000114        0x4 ./src/bsp_systick_wifi.o
 .bss.strEsp8266_Fram_Record
                0x20000118      0x402 ./src/wifi_config.o
                0x20000118                strEsp8266_Fram_Record
 *fill*         0x2000051a        0x2 
 .bss.__malloc_free_list
                0x2000051c        0x4 d:/iti/c/imt_environment/imt_sdk_win_64/winarm/armgcc/bin/../lib/gcc/arm-none-eabi/7.2.1/../../../../arm-none-eabi/lib/thumb/v7-m\libg_nano.a(lib_a-nano-mallocr.o)
                0x2000051c                __malloc_free_list
 .bss.__malloc_sbrk_start
                0x20000520        0x4 d:/iti/c/imt_environment/imt_sdk_win_64/winarm/armgcc/bin/../lib/gcc/arm-none-eabi/7.2.1/../../../../arm-none-eabi/lib/thumb/v7-m\libg_nano.a(lib_a-nano-mallocr.o)
                0x20000520                __malloc_sbrk_start
 *(COMMON)
 COMMON         0x20000524        0x4 ./system/src/newlib/_syscalls.o
                0x20000524                errno
 *(.bss_end .bss_end.*)
 .bss_end       0x20000528        0x4 ./system/src/newlib/_startup.o
                0x2000052c                . = ALIGN (0x4)
                0x2000052c                __bss_end__ = .
                0x2000052c                _ebss = .

.noinit_CCMRAM
 *(.noinit.CCMRAM .noinit.CCMRAM.*)

.noinit         0x2000052c        0x0
                0x2000052c                _noinit = .
 *(.noinit .noinit.*)
                0x2000052c                . = ALIGN (0x4)
                0x2000052c                _end_noinit = .
                [!provide]                PROVIDE (end, _end_noinit)
                [!provide]                PROVIDE (_end, _end_noinit)
                [!provide]                PROVIDE (__end, _end_noinit)
                [!provide]                PROVIDE (__end__, _end_noinit)

._check_stack   0x2000052c      0x100
                0x2000062c                . = (. + _Minimum_Stack_Size)
 *fill*         0x2000052c      0x100 

.b1text
 *(.b1text)
 *(.b1rodata)
 *(.b1rodata.*)

.eb0text
 *(.eb0text)
 *(.eb0rodata)
 *(.eb0rodata.*)

.eb1text
 *(.eb1text)
 *(.eb1rodata)
 *(.eb1rodata.*)

.eb2text
 *(.eb2text)
 *(.eb2rodata)
 *(.eb2rodata.*)

.eb3text
 *(.eb3text)
 *(.eb3rodata)
 *(.eb3rodata.*)

.stab
 *(.stab)

.stabstr
 *(.stabstr)

.stab.excl
 *(.stab.excl)

.stab.exclstr
 *(.stab.exclstr)

.stab.index
 *(.stab.index)

.stab.indexstr
 *(.stab.indexstr)

.comment        0x00000000       0x7e
 *(.comment)
 .comment       0x00000000       0x7e ./system/src/stm32f1-stdperiph/misc.o
                                 0x7f (size before relaxing)
 .comment       0x0000007e       0x7f ./system/src/stm32f1-stdperiph/stm32f10x_gpio.o
 .comment       0x0000007e       0x7f ./system/src/stm32f1-stdperiph/stm32f10x_rcc.o
 .comment       0x0000007e       0x7f ./system/src/newlib/_exit.o
 .comment       0x0000007e       0x7f ./system/src/newlib/_sbrk.o
 .comment       0x0000007e       0x7f ./system/src/newlib/_startup.o
 .comment       0x0000007e       0x7f ./system/src/newlib/_syscalls.o
 .comment       0x0000007e       0x7f ./system/src/newlib/assert.o
 .comment       0x0000007e       0x7f ./system/src/diag/Trace.o
 .comment       0x0000007e       0x7f ./system/src/diag/trace_impl.o
 .comment       0x0000007e       0x7f ./system/src/cortexm/_initialize_hardware.o
 .comment       0x0000007e       0x7f ./system/src/cortexm/exception_handlers.o
 .comment       0x0000007e       0x7f ./system/src/cmsis/system_stm32f10x.o
 .comment       0x0000007e       0x7f ./system/src/cmsis/vectors_stm32f10x.o
 .comment       0x0000007e       0x7f ./src/bsp_systick_wifi.o
 .comment       0x0000007e       0x7f ./src/bsp_usart.o
 .comment       0x0000007e       0x7f ./src/main.o
 .comment       0x0000007e       0x7f ./src/stm32f10x_it.o
 .comment       0x0000007e       0x7f ./src/wifi_config.o

.ARM.attributes
                0x00000000       0x31
 .ARM.attributes
                0x00000000       0x33 ./system/src/stm32f1-stdperiph/misc.o
 .ARM.attributes
                0x00000033       0x33 ./system/src/stm32f1-stdperiph/stm32f10x_gpio.o
 .ARM.attributes
                0x00000066       0x33 ./system/src/stm32f1-stdperiph/stm32f10x_rcc.o
 .ARM.attributes
                0x00000099       0x33 ./system/src/newlib/_exit.o
 .ARM.attributes
                0x000000cc       0x33 ./system/src/newlib/_sbrk.o
 .ARM.attributes
                0x000000ff       0x33 ./system/src/newlib/_startup.o
 .ARM.attributes
                0x00000132       0x33 ./system/src/newlib/_syscalls.o
 .ARM.attributes
                0x00000165       0x33 ./system/src/newlib/assert.o
 .ARM.attributes
                0x00000198       0x33 ./system/src/diag/Trace.o
 .ARM.attributes
                0x000001cb       0x33 ./system/src/diag/trace_impl.o
 .ARM.attributes
                0x000001fe       0x33 ./system/src/cortexm/_initialize_hardware.o
 .ARM.attributes
                0x00000231       0x33 ./system/src/cortexm/exception_handlers.o
 .ARM.attributes
                0x00000264       0x33 ./system/src/cmsis/system_stm32f10x.o
 .ARM.attributes
                0x00000297       0x33 ./system/src/cmsis/vectors_stm32f10x.o
 .ARM.attributes
                0x000002ca       0x33 ./src/bsp_systick_wifi.o
 .ARM.attributes
                0x000002fd       0x33 ./src/bsp_usart.o
 .ARM.attributes
                0x00000330       0x33 ./src/main.o
 .ARM.attributes
                0x00000363       0x33 ./src/stm32f10x_it.o
 .ARM.attributes
                0x00000396       0x33 ./src/wifi_config.o
 .ARM.attributes
                0x000003c9       0x2d d:/iti/c/imt_environment/imt_sdk_win_64/winarm/armgcc/bin/../lib/gcc/arm-none-eabi/7.2.1/../../../../arm-none-eabi/lib/thumb/v7-m\libg_nano.a(lib_a-errno.o)
 .ARM.attributes
                0x000003f6       0x2d d:/iti/c/imt_environment/imt_sdk_win_64/winarm/armgcc/bin/../lib/gcc/arm-none-eabi/7.2.1/../../../../arm-none-eabi/lib/thumb/v7-m\libg_nano.a(lib_a-impure.o)
 .ARM.attributes
                0x00000423       0x17 d:/iti/c/imt_environment/imt_sdk_win_64/winarm/armgcc/bin/../lib/gcc/arm-none-eabi/7.2.1/../../../../arm-none-eabi/lib/thumb/v7-m\libg_nano.a(lib_a-strlen.o)
 .ARM.attributes
                0x0000043a       0x2d d:/iti/c/imt_environment/imt_sdk_win_64/winarm/armgcc/bin/../lib/gcc/arm-none-eabi/7.2.1/../../../../arm-none-eabi/lib/thumb/v7-m\libg_nano.a(lib_a-vsnprintf.o)
 .ARM.attributes
                0x00000467       0x2d d:/iti/c/imt_environment/imt_sdk_win_64/winarm/armgcc/bin/../lib/gcc/arm-none-eabi/7.2.1/../../../../arm-none-eabi/lib/thumb/v7-m\libg_nano.a(lib_a-findfp.o)
 .ARM.attributes
                0x00000494       0x2d d:/iti/c/imt_environment/imt_sdk_win_64/winarm/armgcc/bin/../lib/gcc/arm-none-eabi/7.2.1/../../../../arm-none-eabi/lib/thumb/v7-m\libg_nano.a(lib_a-nano-freer.o)
 .ARM.attributes
                0x000004c1       0x2d d:/iti/c/imt_environment/imt_sdk_win_64/winarm/armgcc/bin/../lib/gcc/arm-none-eabi/7.2.1/../../../../arm-none-eabi/lib/thumb/v7-m\libg_nano.a(lib_a-nano-mallocr.o)
 .ARM.attributes
                0x000004ee       0x2d d:/iti/c/imt_environment/imt_sdk_win_64/winarm/armgcc/bin/../lib/gcc/arm-none-eabi/7.2.1/../../../../arm-none-eabi/lib/thumb/v7-m\libg_nano.a(lib_a-nano-svfprintf.o)
 .ARM.attributes
                0x0000051b       0x2d d:/iti/c/imt_environment/imt_sdk_win_64/winarm/armgcc/bin/../lib/gcc/arm-none-eabi/7.2.1/../../../../arm-none-eabi/lib/thumb/v7-m\libg_nano.a(lib_a-nano-vfprintf_i.o)
 .ARM.attributes
                0x00000548       0x2d d:/iti/c/imt_environment/imt_sdk_win_64/winarm/armgcc/bin/../lib/gcc/arm-none-eabi/7.2.1/../../../../arm-none-eabi/lib/thumb/v7-m\libg_nano.a(lib_a-sbrkr.o)
 .ARM.attributes
                0x00000575       0x2d d:/iti/c/imt_environment/imt_sdk_win_64/winarm/armgcc/bin/../lib/gcc/arm-none-eabi/7.2.1/../../../../arm-none-eabi/lib/thumb/v7-m\libg_nano.a(lib_a-memchr-stub.o)
 .ARM.attributes
                0x000005a2       0x2d d:/iti/c/imt_environment/imt_sdk_win_64/winarm/armgcc/bin/../lib/gcc/arm-none-eabi/7.2.1/../../../../arm-none-eabi/lib/thumb/v7-m\libg_nano.a(lib_a-memcpy-stub.o)
 .ARM.attributes
                0x000005cf       0x2d d:/iti/c/imt_environment/imt_sdk_win_64/winarm/armgcc/bin/../lib/gcc/arm-none-eabi/7.2.1/../../../../arm-none-eabi/lib/thumb/v7-m\libg_nano.a(lib_a-memmove.o)
 .ARM.attributes
                0x000005fc       0x2d d:/iti/c/imt_environment/imt_sdk_win_64/winarm/armgcc/bin/../lib/gcc/arm-none-eabi/7.2.1/../../../../arm-none-eabi/lib/thumb/v7-m\libg_nano.a(lib_a-mlock.o)
 .ARM.attributes
                0x00000629       0x2d d:/iti/c/imt_environment/imt_sdk_win_64/winarm/armgcc/bin/../lib/gcc/arm-none-eabi/7.2.1/../../../../arm-none-eabi/lib/thumb/v7-m\libg_nano.a(lib_a-nano-reallocr.o)
 .ARM.attributes
                0x00000656       0x2d d:/iti/c/imt_environment/imt_sdk_win_64/winarm/armgcc/bin/../lib/gcc/arm-none-eabi/7.2.1/../../../../arm-none-eabi/lib/thumb/v7-m\libg_nano.a(lib_a-nano-msizer.o)

.debug
 *(.debug)

.line
 *(.line)

.debug_srcinfo
 *(.debug_srcinfo)

.debug_sfnames
 *(.debug_sfnames)

.debug_aranges  0x00000000      0x578
 *(.debug_aranges)
 .debug_aranges
                0x00000000       0x40 ./system/src/stm32f1-stdperiph/misc.o
 .debug_aranges
                0x00000040       0xa8 ./system/src/stm32f1-stdperiph/stm32f10x_gpio.o
 .debug_aranges
                0x000000e8      0x118 ./system/src/stm32f1-stdperiph/stm32f10x_rcc.o
 .debug_aranges
                0x00000200       0x28 ./system/src/newlib/_exit.o
 .debug_aranges
                0x00000228       0x20 ./system/src/newlib/_sbrk.o
 .debug_aranges
                0x00000248       0x40 ./system/src/newlib/_startup.o
 .debug_aranges
                0x00000288       0x30 ./system/src/newlib/_syscalls.o
 .debug_aranges
                0x000002b8       0x28 ./system/src/newlib/assert.o
 .debug_aranges
                0x000002e0       0x38 ./system/src/diag/Trace.o
 .debug_aranges
                0x00000318       0x30 ./system/src/diag/trace_impl.o
 .debug_aranges
                0x00000348       0x28 ./system/src/cortexm/_initialize_hardware.o
 .debug_aranges
                0x00000370       0x90 ./system/src/cortexm/exception_handlers.o
 .debug_aranges
                0x00000400       0x38 ./system/src/cmsis/system_stm32f10x.o
 .debug_aranges
                0x00000438       0x20 ./system/src/cmsis/vectors_stm32f10x.o
 .debug_aranges
                0x00000458       0x30 ./src/bsp_systick_wifi.o
 .debug_aranges
                0x00000488       0x40 ./src/bsp_usart.o
 .debug_aranges
                0x000004c8       0x20 ./src/main.o
 .debug_aranges
                0x000004e8       0x68 ./src/stm32f10x_it.o
 .debug_aranges
                0x00000550       0x28 ./src/wifi_config.o

.debug_pubnames
 *(.debug_pubnames)

.debug_info     0x00000000     0x97ce
 *(.debug_info .gnu.linkonce.wi.*)
 .debug_info    0x00000000      0x634 ./system/src/stm32f1-stdperiph/misc.o
 .debug_info    0x00000634      0xbd3 ./system/src/stm32f1-stdperiph/stm32f10x_gpio.o
 .debug_info    0x00001207      0xc77 ./system/src/stm32f1-stdperiph/stm32f10x_rcc.o
 .debug_info    0x00001e7e      0x956 ./system/src/newlib/_exit.o
 .debug_info    0x000027d4      0x942 ./system/src/newlib/_sbrk.o
 .debug_info    0x00003116      0x42e ./system/src/newlib/_startup.o
 .debug_info    0x00003544      0xa19 ./system/src/newlib/_syscalls.o
 .debug_info    0x00003f5d      0x9ff ./system/src/newlib/assert.o
 .debug_info    0x0000495c      0xb2a ./system/src/diag/Trace.o
 .debug_info    0x00005486      0x363 ./system/src/diag/trace_impl.o
 .debug_info    0x000057e9      0x2b5 ./system/src/cortexm/_initialize_hardware.o
 .debug_info    0x00005a9e     0x1140 ./system/src/cortexm/exception_handlers.o
 .debug_info    0x00006bde      0x494 ./system/src/cmsis/system_stm32f10x.o
 .debug_info    0x00007072       0xca ./system/src/cmsis/vectors_stm32f10x.o
 .debug_info    0x0000713c      0x5fb ./src/bsp_systick_wifi.o
 .debug_info    0x00007737      0x7cc ./src/bsp_usart.o
 .debug_info    0x00007f03      0x122 ./src/main.o
 .debug_info    0x00008025      0xbb3 ./src/stm32f10x_it.o
 .debug_info    0x00008bd8      0xbf6 ./src/wifi_config.o

.debug_abbrev   0x00000000     0x236c
 *(.debug_abbrev)
 .debug_abbrev  0x00000000      0x194 ./system/src/stm32f1-stdperiph/misc.o
 .debug_abbrev  0x00000194      0x209 ./system/src/stm32f1-stdperiph/stm32f10x_gpio.o
 .debug_abbrev  0x0000039d      0x20b ./system/src/stm32f1-stdperiph/stm32f10x_rcc.o
 .debug_abbrev  0x000005a8      0x1f3 ./system/src/newlib/_exit.o
 .debug_abbrev  0x0000079b      0x1fc ./system/src/newlib/_sbrk.o
 .debug_abbrev  0x00000997      0x1b3 ./system/src/newlib/_startup.o
 .debug_abbrev  0x00000b4a      0x234 ./system/src/newlib/_syscalls.o
 .debug_abbrev  0x00000d7e      0x1f3 ./system/src/newlib/assert.o
 .debug_abbrev  0x00000f71      0x276 ./system/src/diag/Trace.o
 .debug_abbrev  0x000011e7      0x1e2 ./system/src/diag/trace_impl.o
 .debug_abbrev  0x000013c9       0xea ./system/src/cortexm/_initialize_hardware.o
 .debug_abbrev  0x000014b3      0x32b ./system/src/cortexm/exception_handlers.o
 .debug_abbrev  0x000017de      0x177 ./system/src/cmsis/system_stm32f10x.o
 .debug_abbrev  0x00001955       0x9d ./system/src/cmsis/vectors_stm32f10x.o
 .debug_abbrev  0x000019f2      0x1c0 ./src/bsp_systick_wifi.o
 .debug_abbrev  0x00001bb2      0x1de ./src/bsp_usart.o
 .debug_abbrev  0x00001d90       0xd2 ./src/main.o
 .debug_abbrev  0x00001e62      0x291 ./src/stm32f10x_it.o
 .debug_abbrev  0x000020f3      0x279 ./src/wifi_config.o

.debug_line     0x00000000     0x577c
 *(.debug_line)
 .debug_line    0x00000000      0x411 ./system/src/stm32f1-stdperiph/misc.o
 .debug_line    0x00000411      0x8fb ./system/src/stm32f1-stdperiph/stm32f10x_gpio.o
 .debug_line    0x00000d0c      0x874 ./system/src/stm32f1-stdperiph/stm32f10x_rcc.o
 .debug_line    0x00001580      0x34f ./system/src/newlib/_exit.o
 .debug_line    0x000018cf      0x303 ./system/src/newlib/_sbrk.o
 .debug_line    0x00001bd2      0x3bd ./system/src/newlib/_startup.o
 .debug_line    0x00001f8f      0x419 ./system/src/newlib/_syscalls.o
 .debug_line    0x000023a8      0x38a ./system/src/newlib/assert.o
 .debug_line    0x00002732      0x3cb ./system/src/diag/Trace.o
 .debug_line    0x00002afd      0x638 ./system/src/diag/trace_impl.o
 .debug_line    0x00003135      0x374 ./system/src/cortexm/_initialize_hardware.o
 .debug_line    0x000034a9      0x6fa ./system/src/cortexm/exception_handlers.o
 .debug_line    0x00003ba3      0x3e7 ./system/src/cmsis/system_stm32f10x.o
 .debug_line    0x00003f8a      0x100 ./system/src/cmsis/vectors_stm32f10x.o
 .debug_line    0x0000408a      0x38d ./src/bsp_systick_wifi.o
 .debug_line    0x00004417      0x3ba ./src/bsp_usart.o
 .debug_line    0x000047d1      0x34d ./src/main.o
 .debug_line    0x00004b1e      0x679 ./src/stm32f10x_it.o
 .debug_line    0x00005197      0x5e5 ./src/wifi_config.o

.debug_frame    0x00000000     0x1038
 *(.debug_frame)
 .debug_frame   0x00000000       0x90 ./system/src/stm32f1-stdperiph/misc.o
 .debug_frame   0x00000090      0x1e8 ./system/src/stm32f1-stdperiph/stm32f10x_gpio.o
 .debug_frame   0x00000278      0x320 ./system/src/stm32f1-stdperiph/stm32f10x_rcc.o
 .debug_frame   0x00000598       0x38 ./system/src/newlib/_exit.o
 .debug_frame   0x000005d0       0x28 ./system/src/newlib/_sbrk.o
 .debug_frame   0x000005f8       0x7c ./system/src/newlib/_startup.o
 .debug_frame   0x00000674       0x50 ./system/src/newlib/_syscalls.o
 .debug_frame   0x000006c4       0x40 ./system/src/newlib/assert.o
 .debug_frame   0x00000704       0x94 ./system/src/diag/Trace.o
 .debug_frame   0x00000798       0x64 ./system/src/diag/trace_impl.o
 .debug_frame   0x000007fc       0x40 ./system/src/cortexm/_initialize_hardware.o
 .debug_frame   0x0000083c      0x158 ./system/src/cortexm/exception_handlers.o
 .debug_frame   0x00000994       0x6c ./system/src/cmsis/system_stm32f10x.o
 .debug_frame   0x00000a00       0x20 ./system/src/cmsis/vectors_stm32f10x.o
 .debug_frame   0x00000a20       0x48 ./src/bsp_systick_wifi.o
 .debug_frame   0x00000a68       0x98 ./src/bsp_usart.o
 .debug_frame   0x00000b00       0x28 ./src/main.o
 .debug_frame   0x00000b28       0xc0 ./src/stm32f10x_it.o
 .debug_frame   0x00000be8       0x44 ./src/wifi_config.o
 .debug_frame   0x00000c2c       0x20 d:/iti/c/imt_environment/imt_sdk_win_64/winarm/armgcc/bin/../lib/gcc/arm-none-eabi/7.2.1/../../../../arm-none-eabi/lib/thumb/v7-m\libg_nano.a(lib_a-errno.o)
 .debug_frame   0x00000c4c       0x4c d:/iti/c/imt_environment/imt_sdk_win_64/winarm/armgcc/bin/../lib/gcc/arm-none-eabi/7.2.1/../../../../arm-none-eabi/lib/thumb/v7-m\libg_nano.a(lib_a-vsnprintf.o)
 .debug_frame   0x00000c98      0x11c d:/iti/c/imt_environment/imt_sdk_win_64/winarm/armgcc/bin/../lib/gcc/arm-none-eabi/7.2.1/../../../../arm-none-eabi/lib/thumb/v7-m\libg_nano.a(lib_a-findfp.o)
 .debug_frame   0x00000db4       0x38 d:/iti/c/imt_environment/imt_sdk_win_64/winarm/armgcc/bin/../lib/gcc/arm-none-eabi/7.2.1/../../../../arm-none-eabi/lib/thumb/v7-m\libg_nano.a(lib_a-nano-freer.o)
 .debug_frame   0x00000dec       0x2c d:/iti/c/imt_environment/imt_sdk_win_64/winarm/armgcc/bin/../lib/gcc/arm-none-eabi/7.2.1/../../../../arm-none-eabi/lib/thumb/v7-m\libg_nano.a(lib_a-nano-mallocr.o)
 .debug_frame   0x00000e18       0x90 d:/iti/c/imt_environment/imt_sdk_win_64/winarm/armgcc/bin/../lib/gcc/arm-none-eabi/7.2.1/../../../../arm-none-eabi/lib/thumb/v7-m\libg_nano.a(lib_a-nano-svfprintf.o)
 .debug_frame   0x00000ea8       0x60 d:/iti/c/imt_environment/imt_sdk_win_64/winarm/armgcc/bin/../lib/gcc/arm-none-eabi/7.2.1/../../../../arm-none-eabi/lib/thumb/v7-m\libg_nano.a(lib_a-nano-vfprintf_i.o)
 .debug_frame   0x00000f08       0x2c d:/iti/c/imt_environment/imt_sdk_win_64/winarm/armgcc/bin/../lib/gcc/arm-none-eabi/7.2.1/../../../../arm-none-eabi/lib/thumb/v7-m\libg_nano.a(lib_a-sbrkr.o)
 .debug_frame   0x00000f34       0x28 d:/iti/c/imt_environment/imt_sdk_win_64/winarm/armgcc/bin/../lib/gcc/arm-none-eabi/7.2.1/../../../../arm-none-eabi/lib/thumb/v7-m\libg_nano.a(lib_a-memchr-stub.o)
 .debug_frame   0x00000f5c       0x28 d:/iti/c/imt_environment/imt_sdk_win_64/winarm/armgcc/bin/../lib/gcc/arm-none-eabi/7.2.1/../../../../arm-none-eabi/lib/thumb/v7-m\libg_nano.a(lib_a-memcpy-stub.o)
 .debug_frame   0x00000f84       0x28 d:/iti/c/imt_environment/imt_sdk_win_64/winarm/armgcc/bin/../lib/gcc/arm-none-eabi/7.2.1/../../../../arm-none-eabi/lib/thumb/v7-m\libg_nano.a(lib_a-memmove.o)
 .debug_frame   0x00000fac       0x30 d:/iti/c/imt_environment/imt_sdk_win_64/winarm/armgcc/bin/../lib/gcc/arm-none-eabi/7.2.1/../../../../arm-none-eabi/lib/thumb/v7-m\libg_nano.a(lib_a-mlock.o)
 .debug_frame   0x00000fdc       0x3c d:/iti/c/imt_environment/imt_sdk_win_64/winarm/armgcc/bin/../lib/gcc/arm-none-eabi/7.2.1/../../../../arm-none-eabi/lib/thumb/v7-m\libg_nano.a(lib_a-nano-reallocr.o)
 .debug_frame   0x00001018       0x20 d:/iti/c/imt_environment/imt_sdk_win_64/winarm/armgcc/bin/../lib/gcc/arm-none-eabi/7.2.1/../../../../arm-none-eabi/lib/thumb/v7-m\libg_nano.a(lib_a-nano-msizer.o)

.debug_str      0x00000000    0x577b8
 *(.debug_str)
 .debug_str     0x00000000    0x4e83d ./system/src/stm32f1-stdperiph/misc.o
                              0x4e9b0 (size before relaxing)
 .debug_str     0x0004e83d      0x5dd ./system/src/stm32f1-stdperiph/stm32f10x_gpio.o
                              0x4ed2e (size before relaxing)
 .debug_str     0x0004ee1a      0xb33 ./system/src/stm32f1-stdperiph/stm32f10x_rcc.o
                              0x4f2fd (size before relaxing)
 .debug_str     0x0004f94d     0x4ffb ./system/src/newlib/_exit.o
                               0x7ec9 (size before relaxing)
 .debug_str     0x00054948      0x4f5 ./system/src/newlib/_sbrk.o
                               0x727b (size before relaxing)
 .debug_str     0x00054e3d      0x260 ./system/src/newlib/_startup.o
                               0x69b6 (size before relaxing)
 .debug_str     0x0005509d      0xe8b ./system/src/newlib/_syscalls.o
                               0x8156 (size before relaxing)
 .debug_str     0x00055f28       0xd0 ./system/src/newlib/assert.o
                               0x89ce (size before relaxing)
 .debug_str     0x00055ff8      0x819 ./system/src/diag/Trace.o
                               0x8641 (size before relaxing)
 .debug_str     0x00056811      0x37b ./system/src/diag/trace_impl.o
                              0x52a27 (size before relaxing)
 .debug_str     0x00056b8c       0x5e ./system/src/cortexm/_initialize_hardware.o
                              0x4e818 (size before relaxing)
 .debug_str     0x00056bea      0x19d ./system/src/cortexm/exception_handlers.o
                              0x53c4c (size before relaxing)
 .debug_str     0x00056d87       0x96 ./system/src/cmsis/system_stm32f10x.o
                              0x4e8b2 (size before relaxing)
 .debug_str     0x00056e1d       0x57 ./system/src/cmsis/vectors_stm32f10x.o
                               0x3857 (size before relaxing)
 .debug_str     0x00056e74      0x357 ./src/bsp_systick_wifi.o
                              0x4eb56 (size before relaxing)
 .debug_str     0x000571cb      0x34a ./src/bsp_usart.o
                              0x4ef81 (size before relaxing)
 .debug_str     0x00057515      0x10b ./src/main.o
                              0x4e82b (size before relaxing)
 .debug_str     0x00057620      0x159 ./src/stm32f10x_it.o
                              0x53089 (size before relaxing)
 .debug_str     0x00057779       0x3f ./src/wifi_config.o
                              0x53322 (size before relaxing)

.debug_loc      0x00000000     0x1f57
 *(.debug_loc)
 .debug_loc     0x00000000      0x207 ./system/src/stm32f1-stdperiph/misc.o
 .debug_loc     0x00000207      0x870 ./system/src/stm32f1-stdperiph/stm32f10x_gpio.o
 .debug_loc     0x00000a77      0xa63 ./system/src/stm32f1-stdperiph/stm32f10x_rcc.o
 .debug_loc     0x000014da       0x85 ./system/src/newlib/_sbrk.o
 .debug_loc     0x0000155f      0x1a9 ./system/src/newlib/_startup.o
 .debug_loc     0x00001708       0x63 ./system/src/newlib/_syscalls.o
 .debug_loc     0x0000176b      0x134 ./system/src/newlib/assert.o
 .debug_loc     0x0000189f       0xf6 ./system/src/diag/Trace.o
 .debug_loc     0x00001995      0x121 ./system/src/diag/trace_impl.o
 .debug_loc     0x00001ab6      0x291 ./system/src/cortexm/exception_handlers.o
 .debug_loc     0x00001d47       0xdf ./system/src/cmsis/system_stm32f10x.o
 .debug_loc     0x00001e26       0x66 ./src/bsp_systick_wifi.o
 .debug_loc     0x00001e8c       0xb8 ./src/bsp_usart.o
 .debug_loc     0x00001f44       0x13 ./src/stm32f10x_it.o

.debug_macinfo
 *(.debug_macinfo)

.debug_weaknames
 *(.debug_weaknames)

.debug_funcnames
 *(.debug_funcnames)

.debug_typenames
 *(.debug_typenames)

.debug_varnames
 *(.debug_varnames)
OUTPUT(wifi_test.elf elf32-littlearm)

.debug_ranges   0x00000000      0x4c0
 .debug_ranges  0x00000000       0x30 ./system/src/stm32f1-stdperiph/misc.o
 .debug_ranges  0x00000030       0x98 ./system/src/stm32f1-stdperiph/stm32f10x_gpio.o
 .debug_ranges  0x000000c8      0x108 ./system/src/stm32f1-stdperiph/stm32f10x_rcc.o
 .debug_ranges  0x000001d0       0x18 ./system/src/newlib/_exit.o
 .debug_ranges  0x000001e8       0x10 ./system/src/newlib/_sbrk.o
 .debug_ranges  0x000001f8       0x78 ./system/src/newlib/_startup.o
 .debug_ranges  0x00000270       0x20 ./system/src/newlib/_syscalls.o
 .debug_ranges  0x00000290       0x18 ./system/src/newlib/assert.o
 .debug_ranges  0x000002a8       0x28 ./system/src/diag/Trace.o
 .debug_ranges  0x000002d0       0x50 ./system/src/diag/trace_impl.o
 .debug_ranges  0x00000320       0x18 ./system/src/cortexm/_initialize_hardware.o
 .debug_ranges  0x00000338       0x80 ./system/src/cortexm/exception_handlers.o
 .debug_ranges  0x000003b8       0x28 ./system/src/cmsis/system_stm32f10x.o
 .debug_ranges  0x000003e0       0x10 ./system/src/cmsis/vectors_stm32f10x.o
 .debug_ranges  0x000003f0       0x20 ./src/bsp_systick_wifi.o
 .debug_ranges  0x00000410       0x30 ./src/bsp_usart.o
 .debug_ranges  0x00000440       0x10 ./src/main.o
 .debug_ranges  0x00000450       0x58 ./src/stm32f10x_it.o
 .debug_ranges  0x000004a8       0x18 ./src/wifi_config.o

.debug_macro    0x00000000    0x1068b
 .debug_macro   0x00000000      0x171 ./system/src/stm32f1-stdperiph/misc.o
 .debug_macro   0x00000171      0xa6c ./system/src/stm32f1-stdperiph/misc.o
 .debug_macro   0x00000bdd       0x50 ./system/src/stm32f1-stdperiph/misc.o
 .debug_macro   0x00000c2d      0x34e ./system/src/stm32f1-stdperiph/misc.o
 .debug_macro   0x00000f7b       0x35 ./system/src/stm32f1-stdperiph/misc.o
 .debug_macro   0x00000fb0       0x34 ./system/src/stm32f1-stdperiph/misc.o
 .debug_macro   0x00000fe4      0xb8e ./system/src/stm32f1-stdperiph/misc.o
 .debug_macro   0x00001b72     0x7dbe ./system/src/stm32f1-stdperiph/misc.o
 .debug_macro   0x00009930      0x2df ./system/src/stm32f1-stdperiph/misc.o
 .debug_macro   0x00009c0f      0x144 ./system/src/stm32f1-stdperiph/misc.o
 .debug_macro   0x00009d53      0x3cf ./system/src/stm32f1-stdperiph/misc.o
 .debug_macro   0x0000a122       0xc8 ./system/src/stm32f1-stdperiph/misc.o
 .debug_macro   0x0000a1ea      0x17a ./system/src/stm32f1-stdperiph/misc.o
 .debug_macro   0x0000a364       0xac ./system/src/stm32f1-stdperiph/misc.o
 .debug_macro   0x0000a410      0x3ad ./system/src/stm32f1-stdperiph/misc.o
 .debug_macro   0x0000a7bd       0x9a ./system/src/stm32f1-stdperiph/misc.o
 .debug_macro   0x0000a857      0x2cf ./system/src/stm32f1-stdperiph/misc.o
 .debug_macro   0x0000ab26      0x279 ./system/src/stm32f1-stdperiph/misc.o
 .debug_macro   0x0000ad9f      0x2ac ./system/src/stm32f1-stdperiph/misc.o
 .debug_macro   0x0000b04b      0x2b1 ./system/src/stm32f1-stdperiph/misc.o
 .debug_macro   0x0000b2fc       0x64 ./system/src/stm32f1-stdperiph/misc.o
 .debug_macro   0x0000b360       0x82 ./system/src/stm32f1-stdperiph/misc.o
 .debug_macro   0x0000b3e2      0x3e2 ./system/src/stm32f1-stdperiph/misc.o
 .debug_macro   0x0000b7c4       0x58 ./system/src/stm32f1-stdperiph/misc.o
 .debug_macro   0x0000b81c      0x341 ./system/src/stm32f1-stdperiph/misc.o
 .debug_macro   0x0000bb5d      0x2c4 ./system/src/stm32f1-stdperiph/misc.o
 .debug_macro   0x0000be21      0x711 ./system/src/stm32f1-stdperiph/misc.o
 .debug_macro   0x0000c532      0x220 ./system/src/stm32f1-stdperiph/misc.o
 .debug_macro   0x0000c752       0x34 ./system/src/stm32f1-stdperiph/misc.o
 .debug_macro   0x0000c786       0x35 ./system/src/stm32f1-stdperiph/misc.o
 .debug_macro   0x0000c7bb       0x85 ./system/src/stm32f1-stdperiph/misc.o
 .debug_macro   0x0000c840      0x1b9 ./system/src/stm32f1-stdperiph/stm32f10x_gpio.o
 .debug_macro   0x0000c9f9       0x8b ./system/src/stm32f1-stdperiph/stm32f10x_gpio.o
 .debug_macro   0x0000ca84      0x2a6 ./system/src/stm32f1-stdperiph/stm32f10x_gpio.o
 .debug_macro   0x0000cd2a      0x287 ./system/src/stm32f1-stdperiph/stm32f10x_rcc.o
 .debug_macro   0x0000cfb1      0x3dc ./system/src/stm32f1-stdperiph/stm32f10x_rcc.o
 .debug_macro   0x0000d38d      0x1b4 ./system/src/newlib/_exit.o
 .debug_macro   0x0000d541       0x9c ./system/src/newlib/_exit.o
 .debug_macro   0x0000d5dd      0x10e ./system/src/newlib/_exit.o
 .debug_macro   0x0000d6eb       0x8d ./system/src/newlib/_exit.o
 .debug_macro   0x0000d778       0x43 ./system/src/newlib/_exit.o
 .debug_macro   0x0000d7bb      0x330 ./system/src/newlib/_exit.o
 .debug_macro   0x0000daeb       0x35 ./system/src/newlib/_exit.o
 .debug_macro   0x0000db20      0x169 ./system/src/newlib/_sbrk.o
 .debug_macro   0x0000dc89      0x174 ./system/src/newlib/_sbrk.o
 .debug_macro   0x0000ddfd       0x10 ./system/src/newlib/_sbrk.o
 .debug_macro   0x0000de0d      0x23b ./system/src/newlib/_sbrk.o
 .debug_macro   0x0000e048      0x173 ./system/src/newlib/_startup.o
 .debug_macro   0x0000e1bb      0x217 ./system/src/newlib/_syscalls.o
 .debug_macro   0x0000e3d2       0x1c ./system/src/newlib/_syscalls.o
 .debug_macro   0x0000e3ee       0x10 ./system/src/newlib/_syscalls.o
 .debug_macro   0x0000e3fe       0x10 ./system/src/newlib/_syscalls.o
 .debug_macro   0x0000e40e       0x10 ./system/src/newlib/_syscalls.o
 .debug_macro   0x0000e41e       0x35 ./system/src/newlib/_syscalls.o
 .debug_macro   0x0000e453      0x122 ./system/src/newlib/_syscalls.o
 .debug_macro   0x0000e575       0x88 ./system/src/newlib/_syscalls.o
 .debug_macro   0x0000e5fd       0x2b ./system/src/newlib/_syscalls.o
 .debug_macro   0x0000e628      0x118 ./system/src/newlib/_syscalls.o
 .debug_macro   0x0000e740      0x189 ./system/src/newlib/_syscalls.o
 .debug_macro   0x0000e8c9       0x16 ./system/src/newlib/_syscalls.o
 .debug_macro   0x0000e8df      0x1d0 ./system/src/newlib/assert.o
 .debug_macro   0x0000eaaf       0x1c ./system/src/newlib/assert.o
 .debug_macro   0x0000eacb      0x1fb ./system/src/diag/Trace.o
 .debug_macro   0x0000ecc6       0x16 ./system/src/diag/Trace.o
 .debug_macro   0x0000ecdc       0x97 ./system/src/diag/Trace.o
 .debug_macro   0x0000ed73       0xfd ./system/src/diag/Trace.o
 .debug_macro   0x0000ee70       0x10 ./system/src/diag/Trace.o
 .debug_macro   0x0000ee80       0x16 ./system/src/diag/Trace.o
 .debug_macro   0x0000ee96      0x16f ./system/src/diag/Trace.o
 .debug_macro   0x0000f005       0x4c ./system/src/diag/Trace.o
 .debug_macro   0x0000f051       0x16 ./system/src/diag/Trace.o
 .debug_macro   0x0000f067      0x2da ./system/src/diag/trace_impl.o
 .debug_macro   0x0000f341       0x10 ./system/src/diag/trace_impl.o
 .debug_macro   0x0000f351       0xcf ./system/src/diag/trace_impl.o
 .debug_macro   0x0000f420       0xbe ./system/src/diag/trace_impl.o
 .debug_macro   0x0000f4de       0x22 ./system/src/diag/trace_impl.o
 .debug_macro   0x0000f500      0x16b ./system/src/cortexm/_initialize_hardware.o
 .debug_macro   0x0000f66b      0x324 ./system/src/cortexm/exception_handlers.o
 .debug_macro   0x0000f98f       0x3b ./system/src/cortexm/exception_handlers.o
 .debug_macro   0x0000f9ca       0x10 ./system/src/cortexm/exception_handlers.o
 .debug_macro   0x0000f9da      0x16e ./system/src/cmsis/system_stm32f10x.o
 .debug_macro   0x0000fb48       0x34 ./system/src/cmsis/vectors_stm32f10x.o
 .debug_macro   0x0000fb7c      0x16b ./src/bsp_systick_wifi.o
 .debug_macro   0x0000fce7      0x170 ./src/bsp_usart.o
 .debug_macro   0x0000fe57       0x4c ./src/bsp_usart.o
 .debug_macro   0x0000fea3      0x178 ./src/main.o
 .debug_macro   0x0001001b       0x2e ./src/main.o
 .debug_macro   0x00010049      0x30d ./src/stm32f10x_it.o
 .debug_macro   0x00010356      0x313 ./src/wifi_config.o
 .debug_macro   0x00010669       0x22 ./src/wifi_config.o
