Archive member included to satisfy reference by file (symbol)

d:/iti/c/imt_environment/imt_sdk_win_64/winarm/armgcc/bin/../lib/gcc/arm-none-eabi/7.2.1/thumb/v7-m\libgcc.a(_arm_addsubsf3.o)
                              ./src/temperature.o (__aeabi_fsub)
d:/iti/c/imt_environment/imt_sdk_win_64/winarm/armgcc/bin/../lib/gcc/arm-none-eabi/7.2.1/thumb/v7-m\libgcc.a(_arm_muldivsf3.o)
                              ./src/temperature.o (__aeabi_fdiv)
d:/iti/c/imt_environment/imt_sdk_win_64/winarm/armgcc/bin/../lib/gcc/arm-none-eabi/7.2.1/thumb/v7-m\libgcc.a(_arm_fixsfsi.o)
                              ./src/main.o (__aeabi_f2iz)
d:/iti/c/imt_environment/imt_sdk_win_64/winarm/armgcc/bin/../lib/gcc/arm-none-eabi/7.2.1/../../../../arm-none-eabi/lib/thumb/v7-m\libg_nano.a(lib_a-atoi.o)
                              ./src/ESP8266Client.o (atoi)
d:/iti/c/imt_environment/imt_sdk_win_64/winarm/armgcc/bin/../lib/gcc/arm-none-eabi/7.2.1/../../../../arm-none-eabi/lib/thumb/v7-m\libg_nano.a(lib_a-errno.o)
                              ./src/newlib/_sbrk.o (__errno)
d:/iti/c/imt_environment/imt_sdk_win_64/winarm/armgcc/bin/../lib/gcc/arm-none-eabi/7.2.1/../../../../arm-none-eabi/lib/thumb/v7-m\libg_nano.a(lib_a-impure.o)
                              d:/iti/c/imt_environment/imt_sdk_win_64/winarm/armgcc/bin/../lib/gcc/arm-none-eabi/7.2.1/../../../../arm-none-eabi/lib/thumb/v7-m\libg_nano.a(lib_a-errno.o) (_impure_ptr)
d:/iti/c/imt_environment/imt_sdk_win_64/winarm/armgcc/bin/../lib/gcc/arm-none-eabi/7.2.1/../../../../arm-none-eabi/lib/thumb/v7-m\libg_nano.a(lib_a-memchr-stub.o)
                              ./src/ESP8266Client.o (memchr)
d:/iti/c/imt_environment/imt_sdk_win_64/winarm/armgcc/bin/../lib/gcc/arm-none-eabi/7.2.1/../../../../arm-none-eabi/lib/thumb/v7-m\libg_nano.a(lib_a-memcmp.o)
                              ./src/ESP8266Client.o (memcmp)
d:/iti/c/imt_environment/imt_sdk_win_64/winarm/armgcc/bin/../lib/gcc/arm-none-eabi/7.2.1/../../../../arm-none-eabi/lib/thumb/v7-m\libg_nano.a(lib_a-memcpy-stub.o)
                              ./src/ESP8266Client.o (memcpy)
d:/iti/c/imt_environment/imt_sdk_win_64/winarm/armgcc/bin/../lib/gcc/arm-none-eabi/7.2.1/../../../../arm-none-eabi/lib/thumb/v7-m\libg_nano.a(lib_a-memset.o)
                              ./src/stream_buffer.o (memset)
d:/iti/c/imt_environment/imt_sdk_win_64/winarm/armgcc/bin/../lib/gcc/arm-none-eabi/7.2.1/../../../../arm-none-eabi/lib/thumb/v7-m\libg_nano.a(lib_a-snprintf.o)
                              ./src/MQTTFormat.o (snprintf)
d:/iti/c/imt_environment/imt_sdk_win_64/winarm/armgcc/bin/../lib/gcc/arm-none-eabi/7.2.1/../../../../arm-none-eabi/lib/thumb/v7-m\libg_nano.a(lib_a-sprintf.o)
                              ./src/ESP8266Client.o (sprintf)
d:/iti/c/imt_environment/imt_sdk_win_64/winarm/armgcc/bin/../lib/gcc/arm-none-eabi/7.2.1/../../../../arm-none-eabi/lib/thumb/v7-m\libg_nano.a(lib_a-strcmp.o)
                              ./src/ESP8266Client.o (strcmp)
d:/iti/c/imt_environment/imt_sdk_win_64/winarm/armgcc/bin/../lib/gcc/arm-none-eabi/7.2.1/../../../../arm-none-eabi/lib/thumb/v7-m\libg_nano.a(lib_a-strcpy.o)
                              ./src/networkwrapper.o (strcpy)
d:/iti/c/imt_environment/imt_sdk_win_64/winarm/armgcc/bin/../lib/gcc/arm-none-eabi/7.2.1/../../../../arm-none-eabi/lib/thumb/v7-m\libg_nano.a(lib_a-strlen.o)
                              ./src/diag/Trace.o (strlen)
d:/iti/c/imt_environment/imt_sdk_win_64/winarm/armgcc/bin/../lib/gcc/arm-none-eabi/7.2.1/../../../../arm-none-eabi/lib/thumb/v7-m\libg_nano.a(lib_a-strncmp.o)
                              ./src/MQTTPacket.o (strncmp)
d:/iti/c/imt_environment/imt_sdk_win_64/winarm/armgcc/bin/../lib/gcc/arm-none-eabi/7.2.1/../../../../arm-none-eabi/lib/thumb/v7-m\libg_nano.a(lib_a-strstr.o)
                              ./src/ESP8266Client.o (strstr)
d:/iti/c/imt_environment/imt_sdk_win_64/winarm/armgcc/bin/../lib/gcc/arm-none-eabi/7.2.1/../../../../arm-none-eabi/lib/thumb/v7-m\libg_nano.a(lib_a-strtol.o)
                              d:/iti/c/imt_environment/imt_sdk_win_64/winarm/armgcc/bin/../lib/gcc/arm-none-eabi/7.2.1/../../../../arm-none-eabi/lib/thumb/v7-m\libg_nano.a(lib_a-atoi.o) (_strtol_r)
d:/iti/c/imt_environment/imt_sdk_win_64/winarm/armgcc/bin/../lib/gcc/arm-none-eabi/7.2.1/../../../../arm-none-eabi/lib/thumb/v7-m\libg_nano.a(lib_a-vsnprintf.o)
                              ./src/diag/Trace.o (vsnprintf)
d:/iti/c/imt_environment/imt_sdk_win_64/winarm/armgcc/bin/../lib/gcc/arm-none-eabi/7.2.1/../../../../arm-none-eabi/lib/thumb/v7-m\libg_nano.a(lib_a-locale.o)
                              d:/iti/c/imt_environment/imt_sdk_win_64/winarm/armgcc/bin/../lib/gcc/arm-none-eabi/7.2.1/../../../../arm-none-eabi/lib/thumb/v7-m\libg_nano.a(lib_a-strtol.o) (__locale_ctype_ptr_l)
d:/iti/c/imt_environment/imt_sdk_win_64/winarm/armgcc/bin/../lib/gcc/arm-none-eabi/7.2.1/../../../../arm-none-eabi/lib/thumb/v7-m\libg_nano.a(lib_a-mbtowc_r.o)
[...]
Memory Configuration

Name             Origin             Length             Attributes
RAM              0x20000000         0x00005000         xrw
CCMRAM           0x00000000         0x00000000         xrw
FLASH            0x08000000         0x00020000         xr
FLASHB1          0x00000000         0x00000000         xr
EXTMEMB0         0x00000000         0x00000000         xr
EXTMEMB1         0x00000000         0x00000000         xr
EXTMEMB2         0x00000000         0x00000000         xr
EXTMEMB3         0x00000000         0x00000000         xr
MEMORY_ARRAY     0x00000000         0x00000000         xrw
*default*        0x00000000         0xffffffff

Linker script and memory map

LOAD ./src/stm32f1-stdperiph/misc.o
LOAD ./src/stm32f1-stdperiph/stm32f10x_adc.o
LOAD ./src/stm32f1-stdperiph/stm32f10x_bkp.o
LOAD ./src/stm32f1-stdperiph/stm32f10x_can.o
LOAD ./src/stm32f1-stdperiph/stm32f10x_cec.o
LOAD ./src/stm32f1-stdperiph/stm32f10x_crc.o
LOAD ./src/stm32f1-stdperiph/stm32f10x_dac.o
LOAD ./src/stm32f1-stdperiph/stm32f10x_dbgmcu.o
LOAD ./src/stm32f1-stdperiph/stm32f10x_dma.o
LOAD ./src/stm32f1-stdperiph/stm32f10x_exti.o
LOAD ./src/stm32f1-stdperiph/stm32f10x_flash.o
LOAD ./src/stm32f1-stdperiph/stm32f10x_fsmc.o
LOAD ./src/stm32f1-stdperiph/stm32f10x_gpio.o
LOAD ./src/stm32f1-stdperiph/stm32f10x_i2c.o
LOAD ./src/stm32f1-stdperiph/stm32f10x_iwdg.o
LOAD ./src/stm32f1-stdperiph/stm32f10x_pwr.o
LOAD ./src/stm32f1-stdperiph/stm32f10x_rcc.o
LOAD ./src/stm32f1-stdperiph/stm32f10x_rtc.o
LOAD ./src/stm32f1-stdperiph/stm32f10x_sdio.o
LOAD ./src/stm32f1-stdperiph/stm32f10x_spi.o
LOAD ./src/stm32f1-stdperiph/stm32f10x_tim.o
LOAD ./src/stm32f1-stdperiph/stm32f10x_usart.o
LOAD ./src/stm32f1-stdperiph/stm32f10x_wwdg.o
LOAD ./src/newlib/_cxx.o
LOAD ./src/newlib/_exit.o
LOAD ./src/newlib/_sbrk.o
LOAD ./src/newlib/_startup.o
LOAD ./src/newlib/_syscalls.o
LOAD ./src/newlib/assert.o
LOAD ./src/diag/Trace.o
LOAD ./src/diag/trace_impl.o
LOAD ./src/cortexm/_initialize_hardware.o
LOAD ./src/cortexm/_reset_hardware.o
LOAD ./src/cortexm/exception_handlers.o
LOAD ./src/cmsis/system_stm32f10x.o
LOAD ./src/cmsis/vectors_stm32f10x.o
LOAD ./src/ESP8266Client.o
LOAD ./src/MQTTConnectClient.o
LOAD ./src/MQTTConnectServer.o
LOAD ./src/MQTTDeserializePublish.o
LOAD ./src/MQTTFormat.o
LOAD ./src/MQTTPacket.o
LOAD ./src/MQTTSerializePublish.o
LOAD ./src/MQTTSubscribeClient.o
LOAD ./src/MQTTSubscribeServer.o
LOAD ./src/MQTTUnsubscribeClient.o
LOAD ./src/MQTTUnsubscribeServer.o
LOAD ./src/_write.o
LOAD ./src/croutine.o
LOAD ./src/event_groups.o
LOAD ./src/heap_1.o
LOAD ./src/led.o
LOAD ./src/list.o
LOAD ./src/main.o
LOAD ./src/networkwrapper.o
LOAD ./src/port.o
LOAD ./src/queue.o
LOAD ./src/stream_buffer.o
LOAD ./src/tasks.o
LOAD ./src/temperature.o
LOAD ./src/timers.o
LOAD ./src/transport.o
LOAD d:/iti/c/imt_environment/imt_sdk_win_64/winarm/armgcc/bin/../lib/gcc/arm-none-eabi/7.2.1/../../../../arm-none-eabi/lib/thumb/v7-m\libstdc++_nano.a
LOAD d:/iti/c/imt_environment/imt_sdk_win_64/winarm/armgcc/bin/../lib/gcc/arm-none-eabi/7.2.1/../../../../arm-none-eabi/lib/thumb/v7-m\libm.a
START GROUP
LOAD d:/iti/c/imt_environment/imt_sdk_win_64/winarm/armgcc/bin/../lib/gcc/arm-none-eabi/7.2.1/thumb/v7-m\libgcc.a
LOAD d:/iti/c/imt_environment/imt_sdk_win_64/winarm/armgcc/bin/../lib/gcc/arm-none-eabi/7.2.1/../../../../arm-none-eabi/lib/thumb/v7-m\libg_nano.a
LOAD d:/iti/c/imt_environment/imt_sdk_win_64/winarm/armgcc/bin/../lib/gcc/arm-none-eabi/7.2.1/../../../../arm-none-eabi/lib/thumb/v7-m\libc_nano.a
END GROUP
START GROUP
LOAD d:/iti/c/imt_environment/imt_sdk_win_64/winarm/armgcc/bin/../lib/gcc/arm-none-eabi/7.2.1/thumb/v7-m\libgcc.a
LOAD d:/iti/c/imt_environment/imt_sdk_win_64/winarm/armgcc/bin/../lib/gcc/arm-none-eabi/7.2.1/../../../../arm-none-eabi/lib/thumb/v7-m\libc_nano.a
END GROUP
                0x20005000                __stack = (ORIGIN (RAM) + LENGTH (RAM))
                0x20005000                _estack = __stack
                0x00000400                __Main_Stack_Size = 0x400
                [!provide]                PROVIDE (_Main_Stack_Size, __Main_Stack_Size)
                0x20004c00                __Main_Stack_Limit = (__stack - __Main_Stack_Size)
                [!provide]                PROVIDE (_Main_Stack_Limit, __Main_Stack_Limit)
                0x00000100                _Minimum_Stack_Size = 0x100
                0x200016dc                PROVIDE (_Heap_Begin, _end_noinit)
                0x20004c00                PROVIDE (_Heap_Limit, (__stack - __Main_Stack_Size))

.isr_vector     0x08000000      0x350
 FILL mask 0xff
                0x08000000                __vectors_start = ABSOLUTE (.)
                0x08000000                __vectors_start__ = ABSOLUTE (.)
 *(.isr_vector)
 .isr_vector    0x08000000      0x10c ./src/cmsis/vectors_stm32f10x.o
                0x08000000                __isr_vectors
 *(.cfmconfig)
 *(.after_vectors .after_vectors.*)
 .after_vectors
                0x0800010c      0x114 ./src/newlib/_startup.o
                0x0800010c                _start
 .after_vectors
                0x08000220      0x12c ./src/cortexm/exception_handlers.o
                0x08000220                Reset_Handler
                0x08000226                NMI_Handler
                0x0800022a                HardFault_Handler
                0x0800023e                HardFault_Handler_C
                0x0800029c                MemManage_Handler
                0x080002a0                BusFault_Handler
                0x080002b4                BusFault_Handler_C
                0x080002e8                UsageFault_Handler
                0x080002fc                UsageFault_Handler_C
                0x08000334                DebugMon_Handler
 .after_vectors
                0x0800034c        0x4 ./src/cmsis/vectors_stm32f10x.o
                0x0800034c                EXTI2_IRQHandler
                0x0800034c                TIM8_TRG_COM_IRQHandler
                0x0800034c                TIM8_CC_IRQHandler
                0x0800034c                TIM1_CC_IRQHandler
                0x0800034c                TIM6_IRQHandler
                0x0800034c                PVD_IRQHandler
                0x0800034c                SDIO_IRQHandler
                0x0800034c                CAN2_RX1_IRQHandler
                0x0800034c                EXTI3_IRQHandler
                0x0800034c                TIM8_TRG_COM_TIM14_IRQHandler
                0x0800034c                TIM1_UP_TIM10_IRQHandler
                0x0800034c                TIM8_UP_TIM13_IRQHandler
                0x0800034c                EXTI0_IRQHandler
                0x0800034c                I2C2_EV_IRQHandler
                0x0800034c                CAN1_RX0_IRQHandler
                0x0800034c                TIM1_UP_TIM16_IRQHandler
                0x0800034c                CAN2_SCE_IRQHandler
                0x0800034c                ADC1_2_IRQHandler
                0x0800034c                SPI1_IRQHandler
                0x0800034c                TAMPER_IRQHandler
                0x0800034c                TIM6_DAC_IRQHandler
                0x0800034c                TIM1_BRK_TIM9_IRQHandler
                0x0800034c                CAN2_RX0_IRQHandler
                0x0800034c                TIM8_UP_IRQHandler
                0x0800034c                DMA2_Channel2_IRQHandler
                0x0800034c                DMA1_Channel4_IRQHandler
                0x0800034c                USART3_IRQHandler
                0x0800034c                RTC_IRQHandler
                0x0800034c                DMA1_Channel7_IRQHandler
                0x0800034c                CAN1_RX1_IRQHandler
                0x0800034c                UART5_IRQHandler
                0x0800034c                ADC3_IRQHandler
                0x0800034c                TIM4_IRQHandler
                0x0800034c                DMA2_Channel1_IRQHandler
                0x0800034c                I2C1_EV_IRQHandler
                0x0800034c                DMA1_Channel6_IRQHandler
                0x0800034c                UART4_IRQHandler
                0x0800034c                DMA2_Channel4_IRQHandler
                0x0800034c                TIM3_IRQHandler
                0x0800034c                RCC_IRQHandler
                0x0800034c                TIM8_BRK_TIM12_IRQHandler
                0x0800034c                TIM1_TRG_COM_IRQHandler
                0x0800034c                DMA1_Channel1_IRQHandler
                0x0800034c                Default_Handler
                0x0800034c                CEC_IRQHandler
                0x0800034c                EXTI15_10_IRQHandler
                0x0800034c                TIM14_IRQHandler
                0x0800034c                TIM13_IRQHandler
                0x0800034c                TIM12_IRQHandler
                0x0800034c                TIM7_IRQHandler
                0x0800034c                CAN2_TX_IRQHandler
                0x0800034c                TIM5_IRQHandler
                0x0800034c                EXTI9_5_IRQHandler
                0x0800034c                ETH_WKUP_IRQHandler
                0x0800034c                SPI2_IRQHandler
                0x0800034c                CAN1_TX_IRQHandler
                0x0800034c                DMA2_Channel5_IRQHandler
                0x0800034c                DMA1_Channel5_IRQHandler
                0x0800034c                EXTI4_IRQHandler
                0x0800034c                USB_LP_CAN1_RX0_IRQHandler
                0x0800034c                TIM1_TRG_COM_TIM17_IRQHandler
                0x0800034c                USB_HP_CAN1_TX_IRQHandler
                0x0800034c                DMA1_Channel3_IRQHandler
                0x0800034c                FSMC_IRQHandler
                0x0800034c                ETH_IRQHandler
                0x0800034c                TIM1_UP_IRQHandler
                0x0800034c                WWDG_IRQHandler
                0x0800034c                TIM2_IRQHandler
                0x0800034c                OTG_FS_WKUP_IRQHandler
                0x0800034c                TIM1_TRG_COM_TIM11_IRQHandler
                0x0800034c                TIM1_BRK_IRQHandler
                0x0800034c                EXTI1_IRQHandler
                0x0800034c                RTCAlarm_IRQHandler
                0x0800034c                DMA2_Channel4_5_IRQHandler
                0x0800034c                USART2_IRQHandler
                0x0800034c                I2C2_ER_IRQHandler
                0x0800034c                DMA1_Channel2_IRQHandler
                0x0800034c                TIM8_BRK_IRQHandler
                0x0800034c                CAN1_SCE_IRQHandler
                0x0800034c                FLASH_IRQHandler
                0x0800034c                USART1_IRQHandler
                0x0800034c                OTG_FS_IRQHandler
                0x0800034c                SPI3_IRQHandler
                0x0800034c                I2C1_ER_IRQHandler
                0x0800034c                USBWakeUp_IRQHandler
                0x0800034c                DMA2_Channel3_IRQHandler
                0x0800034c                TIM1_BRK_TIM15_IRQHandler

.inits          0x08000350       0x28
                0x08000350                __data_regions_array_start = .
                0x08000350        0x4 LONG 0x8004e54 LOADADDR (.data)
                0x08000354        0x4 LONG 0x20000000 ADDR (.data)
                0x08000358        0x4 LONG 0x20000224 (ADDR (.data) + SIZEOF (.data))
                0x0800035c        0x4 LONG 0x8004e54 LOADADDR (.data_CCMRAM)
                0x08000360        0x4 LONG 0x0 ADDR (.data_CCMRAM)
                0x08000364        0x4 LONG 0x0 (ADDR (.data_CCMRAM) + SIZEOF (.data_CCMRAM))
                0x08000368                __data_regions_array_end = .
                0x08000368                __bss_regions_array_start = .
                0x08000368        0x4 LONG 0x20000224 ADDR (.bss)
                0x0800036c        0x4 LONG 0x200016dc (ADDR (.bss) + SIZEOF (.bss))
                0x08000370        0x4 LONG 0x0 ADDR (.bss_CCMRAM)
                0x08000374        0x4 LONG 0x0 (ADDR (.bss_CCMRAM) + SIZEOF (.bss_CCMRAM))
                0x08000378                __bss_regions_array_end = .
 *(.init)
 *(.fini)
                0x08000378                . = ALIGN (0x4)
                0x08000378                PROVIDE (__preinit_array_start, .)
 *(.preinit_array_sysinit .preinit_array_sysinit.*)
 *(.preinit_array_platform .preinit_array_platform.*)
 *(.preinit_array .preinit_array.*)
                0x08000378                PROVIDE (__preinit_array_end, .)
                0x08000378                . = ALIGN (0x4)
                0x08000378                PROVIDE (__init_array_start, .)
 *(SORT_BY_NAME(.init_array.*))
 *(.init_array)
                0x08000378                PROVIDE (__init_array_end, .)
                0x08000378                . = ALIGN (0x4)
                0x08000378                PROVIDE (__fini_array_start, .)
 *(SORT_BY_NAME(.fini_array.*))
 *(.fini_array)
                0x08000378                PROVIDE (__fini_array_end, .)

.flashtext
 *(.flashtext .flashtext.*)

.text           0x08000380     0x4ad2
 *(.text .text.*)
 .text.ADC_Init
                0x08000380      0x134 ./src/stm32f1-stdperiph/stm32f10x_adc.o
                0x08000380                ADC_Init
 .text.ADC_Cmd  0x080004b4       0x54 ./src/stm32f1-stdperiph/stm32f10x_adc.o
                0x080004b4                ADC_Cmd
 .text.ADC_ResetCalibration
                0x08000508       0x38 ./src/stm32f1-stdperiph/stm32f10x_adc.o
                0x08000508                ADC_ResetCalibration
 .text.ADC_GetResetCalibrationStatus
                0x08000540       0x3c ./src/stm32f1-stdperiph/stm32f10x_adc.o
                0x08000540                ADC_GetResetCalibrationStatus
 .text.ADC_StartCalibration
                0x0800057c       0x38 ./src/stm32f1-stdperiph/stm32f10x_adc.o
                0x0800057c                ADC_StartCalibration
 .text.ADC_GetCalibrationStatus
                0x080005b4       0x3c ./src/stm32f1-stdperiph/stm32f10x_adc.o
                0x080005b4                ADC_GetCalibrationStatus
 .text.ADC_SoftwareStartConvCmd
                0x080005f0       0x54 ./src/stm32f1-stdperiph/stm32f10x_adc.o
                0x080005f0                ADC_SoftwareStartConvCmd
 .text.ADC_RegularChannelConfig
                0x08000644       0xf0 ./src/stm32f1-stdperiph/stm32f10x_adc.o
                0x08000644                ADC_RegularChannelConfig
 .text.ADC_GetConversionValue
                0x08000734       0x34 ./src/stm32f1-stdperiph/stm32f10x_adc.o
                0x08000734                ADC_GetConversionValue
 .text.ADC_TempSensorVrefintCmd
                0x08000768       0x38 ./src/stm32f1-stdperiph/stm32f10x_adc.o
                0x08000768                ADC_TempSensorVrefintCmd
 .text.ADC_GetFlagStatus
                0x080007a0       0x5c ./src/stm32f1-stdperiph/stm32f10x_adc.o
                0x080007a0                ADC_GetFlagStatus
 .text.GPIO_Init
                0x080007fc      0x134 ./src/stm32f1-stdperiph/stm32f10x_gpio.o
                0x080007fc                GPIO_Init
 .text.GPIO_WriteBit
                0x08000930       0xc8 ./src/stm32f1-stdperiph/stm32f10x_gpio.o
                0x08000930                GPIO_WriteBit
 .text.RCC_ADCCLKConfig
                0x080009f8       0x38 ./src/stm32f1-stdperiph/stm32f10x_rcc.o
                0x080009f8                RCC_ADCCLKConfig
 .text.RCC_APB2PeriphClockCmd
                0x08000a30       0x4c ./src/stm32f1-stdperiph/stm32f10x_rcc.o
                0x08000a30                RCC_APB2PeriphClockCmd
 .text._exit    0x08000a7c        0x2 ./src/newlib/_exit.o
                0x08000a7c                _exit
 *fill*         0x08000a7e        0x2 
 .text.abort    0x08000a80       0x14 ./src/newlib/_exit.o
                0x08000a80                abort
 .text._sbrk    0x08000a94       0x44 ./src/newlib/_sbrk.o
                0x08000a94                _sbrk
 .text.__initialize_args
                0x08000ad8       0x10 ./src/newlib/_syscalls.o
                0x08000ad8                __initialize_args
 .text.__assert_func
                0x08000ae8       0x38 ./src/newlib/assert.o
                0x08000ae8                __assert_func
 .text.assert_failed
                0x08000b20       0x14 ./src/newlib/assert.o
                0x08000b20                assert_failed
 .text.trace_printf
                0x08000b34       0x30 ./src/diag/Trace.o
                0x08000b34                trace_printf
 .text.trace_puts
                0x08000b64       0x20 ./src/diag/Trace.o
                0x08000b64                trace_puts
 .text._trace_write_semihosting_debug
                0x08000b84       0x60 ./src/diag/trace_impl.o
 .text.trace_write
                0x08000be4        0x8 ./src/diag/trace_impl.o
                0x08000be4                trace_write
 .text.__initialize_hardware_early
                0x08000bec       0x18 ./src/cortexm/_initialize_hardware.o
                0x08000bec                __initialize_hardware_early
 .text.__initialize_hardware
                0x08000c04        0x8 ./src/cortexm/_initialize_hardware.o
                0x08000c04                __initialize_hardware
 .text.dumpExceptionStack
                0x08000c0c       0xf4 ./src/cortexm/exception_handlers.o
                0x08000c0c                dumpExceptionStack
 .text.isSemihosting
                0x08000d00       0x20 ./src/cortexm/exception_handlers.o
                0x08000d00                isSemihosting
 .text.SetSysClockTo72
                0x08000d20       0xc4 ./src/cmsis/system_stm32f10x.o
 .text.SetSysClock
                0x08000de4        0x8 ./src/cmsis/system_stm32f10x.o
 .text.SystemInit
                0x08000dec       0x50 ./src/cmsis/system_stm32f10x.o
                0x08000dec                SystemInit
 .text.SystemCoreClockUpdate
                0x08000e3c       0x94 ./src/cmsis/system_stm32f10x.o
                0x08000e3c                SystemCoreClockUpdate
 .text.ESP82_timeoutBegin
                0x08000ed0       0x18 ./src/ESP8266Client.o
 .text.ESP82_timeoutIsExpired
                0x08000ee8       0x24 ./src/ESP8266Client.o
 .text.ESP82_sendCmd
                0x08000f0c       0x38 ./src/ESP8266Client.o
 .text.ESP82_readLine
                0x08000f44       0x34 ./src/ESP8266Client.o
 .text.ESP82_checkResponse
                0x08000f78      0x244 ./src/ESP8266Client.o
 .text.ESP82_execute
                0x080011bc       0x54 ./src/ESP8266Client.o
 .text.ESP82_sendData
                0x08001210       0x60 ./src/ESP8266Client.o
 .text.ESP82_Send
                0x08001270       0x58 ./src/ESP8266Client.o
                0x08001270                ESP82_Send
 .text.ESP82_Receive
                0x080012c8      0x150 ./src/ESP8266Client.o
                0x080012c8                ESP82_Receive
 .text.ESP82_Delay
                0x08001418       0x24 ./src/ESP8266Client.o
                0x08001418                ESP82_Delay
 .text.ESP82_Init
                0x0800143c       0x34 ./src/ESP8266Client.o
                0x0800143c                ESP82_Init
 .text.ESP82_ConnectWifi
                0x08001470       0xf0 ./src/ESP8266Client.o
                0x08001470                ESP82_ConnectWifi
 .text.ESP82_IsConnectedWifi
                0x08001560       0x20 ./src/ESP8266Client.o
                0x08001560                ESP82_IsConnectedWifi
 .text.ESP82_StartTCP
                0x08001580       0xac ./src/ESP8266Client.o
                0x08001580                ESP82_StartTCP
 .text.MQTTSerialize_connectLength
                0x0800162c       0x86 ./src/MQTTConnectClient.o
                0x0800162c                MQTTSerialize_connectLength
 *fill*         0x080016b2        0x2 
 .text.MQTTSerialize_connect
                0x080016b4      0x12c ./src/MQTTConnectClient.o
                0x080016b4                MQTTSerialize_connect
 .text.MQTTDeserialize_connack
                0x080017e0       0x4c ./src/MQTTConnectClient.o
                0x080017e0                MQTTDeserialize_connack
 .text.bufchar  0x0800182c       0x28 ./src/MQTTPacket.o
                0x0800182c                bufchar
 .text.MQTTPacket_decodenb
                0x08001854       0x58 ./src/MQTTPacket.o
 .text.MQTTPacket_encode
                0x080018ac       0x3c ./src/MQTTPacket.o
                0x080018ac                MQTTPacket_encode
 .text.MQTTPacket_decode
                0x080018e8       0x40 ./src/MQTTPacket.o
                0x080018e8                MQTTPacket_decode
 .text.MQTTPacket_VBIlen
                0x08001928       0x20 ./src/MQTTPacket.o
                0x08001928                MQTTPacket_VBIlen
 .text.MQTTPacket_len
                0x08001948        0xc ./src/MQTTPacket.o
                0x08001948                MQTTPacket_len
 .text.MQTTPacket_decodeBuf
                0x08001954       0x18 ./src/MQTTPacket.o
                0x08001954                MQTTPacket_decodeBuf
 .text.readChar
                0x0800196c        0xc ./src/MQTTPacket.o
                0x0800196c                readChar
 .text.writeChar
                0x08001978        0xc ./src/MQTTPacket.o
                0x08001978                writeChar
 .text.writeInt
                0x08001984       0x2e ./src/MQTTPacket.o
                0x08001984                writeInt
 .text.writeCString
                0x080019b2       0x28 ./src/MQTTPacket.o
                0x080019b2                writeCString
 .text.writeMQTTString
                0x080019da       0x44 ./src/MQTTPacket.o
                0x080019da                writeMQTTString
 .text.MQTTstrlen
                0x08001a1e       0x1c ./src/MQTTPacket.o
                0x08001a1e                MQTTstrlen
 .text.MQTTPacket_readnb
                0x08001a3a       0x9a ./src/MQTTPacket.o
                0x08001a3a                MQTTPacket_readnb
 .text.MQTTSerialize_publishLength
                0x08001ad4       0x22 ./src/MQTTSerializePublish.o
                0x08001ad4                MQTTSerialize_publishLength
 .text.MQTTSerialize_publish
                0x08001af6       0x8c ./src/MQTTSerializePublish.o
                0x08001af6                MQTTSerialize_publish
 *fill*         0x08001b82        0x2 
 .text.pvPortMalloc
                0x08001b84       0x60 ./src/heap_1.o
                0x08001b84                pvPortMalloc
 .text.vPortFree
                0x08001be4       0x16 ./src/heap_1.o
                0x08001be4                vPortFree
 *fill*         0x08001bfa        0x2 
 .text.vLedWrite
                0x08001bfc       0x5c ./src/led.o
                0x08001bfc                vLedWrite
 .text.vListInitialise
                0x08001c58       0x16 ./src/list.o
                0x08001c58                vListInitialise
 .text.vListInitialiseItem
                0x08001c6e        0x6 ./src/list.o
                0x08001c6e                vListInitialiseItem
 .text.vListInsertEnd
                0x08001c74       0x18 ./src/list.o
                0x08001c74                vListInsertEnd
 .text.vListInsert
                0x08001c8c       0x34 ./src/list.o
                0x08001c8c                vListInsert
 .text.uxListRemove
                0x08001cc0       0x28 ./src/list.o
                0x08001cc0                uxListRemove
 .text.prvTemperaturePublisher
                0x08001ce8      0x164 ./src/main.o
 .text.network_gettime_ms
                0x08001e4c        0x8 ./src/main.o
                0x08001e4c                network_gettime_ms
 .text.main     0x08001e54       0x2c ./src/main.o
                0x08001e54                main
 .text.network_init
                0x08001e80        0x2 ./src/networkwrapper.o
                0x08001e80                network_init
 *fill*         0x08001e82        0x2 
 .text.network_connect
                0x08001e84       0x40 ./src/networkwrapper.o
                0x08001e84                network_connect
 .text.network_send
                0x08001ec4       0xf8 ./src/networkwrapper.o
                0x08001ec4                network_send
 .text.network_recv
                0x08001fbc       0x90 ./src/networkwrapper.o
                0x08001fbc                network_recv
 .text.prvTaskExitError
                0x0800204c       0x40 ./src/port.o
 .text.prvPortStartFirstTask
                0x0800208c       0x20 ./src/port.o
 .text.pxPortInitialiseStack
                0x080020ac       0x24 ./src/port.o
                0x080020ac                pxPortInitialiseStack
 .text.SVC_Handler
                0x080020d0       0x24 ./src/port.o
                0x080020d0                SVC_Handler
 .text.vPortEnterCritical
                0x080020f4       0x44 ./src/port.o
                0x080020f4                vPortEnterCritical
 .text.vPortExitCritical
                0x08002138       0x2c ./src/port.o
                0x08002138                vPortExitCritical
 *fill*         0x08002164        0xc 
 .text.PendSV_Handler
                0x08002170       0x44 ./src/port.o
                0x08002170                PendSV_Handler
 .text.SysTick_Handler
                0x080021b4       0x2c ./src/port.o
                0x080021b4                SysTick_Handler
 .text.vPortSetupTimerInterrupt
                0x080021e0       0x24 ./src/port.o
                0x080021e0                vPortSetupTimerInterrupt
 .text.xPortStartScheduler
                0x08002204       0xb8 ./src/port.o
                0x08002204                xPortStartScheduler
 .text.vPortValidateInterruptPriority
                0x080022bc       0x5c ./src/port.o
                0x080022bc                vPortValidateInterruptPriority
 .text.prvIsQueueFull
                0x08002318       0x1e ./src/queue.o
 .text.prvIsQueueEmpty
                0x08002336       0x1a ./src/queue.o
 .text.prvCopyDataToQueue
                0x08002350       0x76 ./src/queue.o
 .text.prvCopyDataFromQueue
                0x080023c6       0x24 ./src/queue.o
 .text.prvUnlockQueue
                0x080023ea       0x6e ./src/queue.o
 .text.xQueueGenericReset
                0x08002458       0x84 ./src/queue.o
                0x08002458                xQueueGenericReset
 .text.prvInitialiseNewQueue
                0x080024dc       0x1c ./src/queue.o
 .text.xQueueGenericCreate
                0x080024f8       0x48 ./src/queue.o
                0x080024f8                xQueueGenericCreate
 .text.xQueueGenericSend
                0x08002540      0x17c ./src/queue.o
                0x08002540                xQueueGenericSend
 .text.xQueueGenericSendFromISR
                0x080026bc       0xcc ./src/queue.o
                0x080026bc                xQueueGenericSendFromISR
 .text.xQueueReceive
                0x08002788      0x158 ./src/queue.o
                0x08002788                xQueueReceive
 .text.vQueueWaitForMessageRestricted
                0x080028e0       0x52 ./src/queue.o
                0x080028e0                vQueueWaitForMessageRestricted
 *fill*         0x08002932        0x2 
 .text.prvResetNextTaskUnblockTime
                0x08002934       0x2c ./src/tasks.o
 .text.prvDeleteTCB
                0x08002960       0x12 ./src/tasks.o
 .text.prvInitialiseNewTask
                0x08002972       0x9a ./src/tasks.o
 .text.prvInitialiseTaskLists
                0x08002a0c       0x68 ./src/tasks.o
 .text.prvAddNewTaskToReadyList
                0x08002a74       0xa8 ./src/tasks.o
 .text.prvCheckTasksWaitingTermination
                0x08002b1c       0x4c ./src/tasks.o
 .text.prvIdleTask
                0x08002b68       0x28 ./src/tasks.o
 .text.prvAddCurrentTaskToDelayedList
                0x08002b90       0x98 ./src/tasks.o
 .text.xTaskCreate
                0x08002c28       0x62 ./src/tasks.o
                0x08002c28                xTaskCreate
 *fill*         0x08002c8a        0x2 
 .text.vTaskStartScheduler
                0x08002c8c       0x84 ./src/tasks.o
                0x08002c8c                vTaskStartScheduler
 .text.vTaskSuspendAll
                0x08002d10       0x10 ./src/tasks.o
                0x08002d10                vTaskSuspendAll
 .text.xTaskGetTickCount
                0x08002d20        0xc ./src/tasks.o
                0x08002d20                xTaskGetTickCount
 .text.xTaskIncrementTick
                0x08002d2c      0x118 ./src/tasks.o
                0x08002d2c                xTaskIncrementTick
 .text.xTaskResumeAll
                0x08002e44       0xf4 ./src/tasks.o
                0x08002e44                xTaskResumeAll
 .text.vTaskDelayUntil
                0x08002f38       0xa4 ./src/tasks.o
                0x08002f38                vTaskDelayUntil
 .text.vTaskSwitchContext
                0x08002fdc       0x98 ./src/tasks.o
                0x08002fdc                vTaskSwitchContext
 .text.vTaskPlaceOnEventList
                0x08003074       0x30 ./src/tasks.o
                0x08003074                vTaskPlaceOnEventList
 .text.vTaskPlaceOnEventListRestricted
                0x080030a4       0x38 ./src/tasks.o
                0x080030a4                vTaskPlaceOnEventListRestricted
 .text.xTaskRemoveFromEventList
                0x080030dc       0x8c ./src/tasks.o
                0x080030dc                xTaskRemoveFromEventList
 .text.vTaskInternalSetTimeOutState
                0x08003168       0x18 ./src/tasks.o
                0x08003168                vTaskInternalSetTimeOutState
 .text.xTaskCheckForTimeOut
                0x08003180       0x80 ./src/tasks.o
                0x08003180                xTaskCheckForTimeOut
 .text.vTaskMissedYield
                0x08003200        0xc ./src/tasks.o
                0x08003200                vTaskMissedYield
 .text.xTaskGetSchedulerState
                0x0800320c       0x20 ./src/tasks.o
                0x0800320c                xTaskGetSchedulerState
 .text.xTaskPriorityDisinherit
                0x0800322c       0xb0 ./src/tasks.o
                0x0800322c                xTaskPriorityDisinherit
 .text.temperature_init
                0x080032dc       0x7c ./src/temperature.o
                0x080032dc                temperature_init
 .text.temperature_read
                0x08003358       0x48 ./src/temperature.o
                0x08003358                temperature_read
 .text.prvGetNextExpireTime
                0x080033a0       0x20 ./src/timers.o
 .text.prvInsertTimerInActiveList
                0x080033c0       0x48 ./src/timers.o
 .text.prvCheckForValidListAndQueue
                0x08003408       0x50 ./src/timers.o
 .text.xTimerCreateTimerTask
                0x08003458       0x4c ./src/timers.o
                0x08003458                xTimerCreateTimerTask
 .text.xTimerGenericCommand
                0x080034a4       0x6c ./src/timers.o
                0x080034a4                xTimerGenericCommand
 .text.prvSwitchTimerLists
                0x08003510       0x78 ./src/timers.o
 .text.prvSampleTimeNow
                0x08003588       0x2c ./src/timers.o
 .text.prvProcessExpiredTimer
                0x080035b4       0x60 ./src/timers.o
 .text.prvProcessTimerOrBlockTask
                0x08003614       0x74 ./src/timers.o
 .text.prvProcessReceivedCommands
                0x08003688       0xe0 ./src/timers.o
 .text.prvTimerTask
                0x08003768       0x16 ./src/timers.o
 *fill*         0x0800377e        0x2 
 .text.transport_sendPacketBuffernb_start
                0x08003780       0x14 ./src/transport.o
                0x08003780                transport_sendPacketBuffernb_start
 .text.transport_sendPacketBuffernb
                0x08003794       0x6c ./src/transport.o
                0x08003794                transport_sendPacketBuffernb
 .text.transport_sendPacketBuffer
                0x08003800       0x22 ./src/transport.o
                0x08003800                transport_sendPacketBuffer
 *fill*         0x08003822        0x2 
 .text.transport_getdatanb
                0x08003824       0x3c ./src/transport.o
                0x08003824                transport_getdatanb
 .text.transport_open
                0x08003860        0xc ./src/transport.o
                0x08003860                transport_open
 .text          0x0800386c      0x21c d:/iti/c/imt_environment/imt_sdk_win_64/winarm/armgcc/bin/../lib/gcc/arm-none-eabi/7.2.1/thumb/v7-m\libgcc.a(_arm_addsubsf3.o)
                0x0800386c                __aeabi_frsub
                0x08003874                __subsf3
                0x08003874                __aeabi_fsub
                0x08003878                __aeabi_fadd
                0x08003878                __addsf3
                0x080039d8                __aeabi_ui2f
                0x080039d8                __floatunsisf
                0x080039e0                __aeabi_i2f
                0x080039e0                __floatsisf
                0x080039fc                __aeabi_ul2f
                0x080039fc                __floatundisf
                0x08003a0c                __aeabi_l2f
                0x08003a0c                __floatdisf
 .text          0x08003a88      0x2a0 d:/iti/c/imt_environment/imt_sdk_win_64/winarm/armgcc/bin/../lib/gcc/arm-none-eabi/7.2.1/thumb/v7-m\libgcc.a(_arm_muldivsf3.o)
                0x08003a88                __mulsf3
                0x08003a88                __aeabi_fmul
                0x08003bf0                __aeabi_fdiv
                0x08003bf0                __divsf3
 .text          0x08003d28       0x4c d:/iti/c/imt_environment/imt_sdk_win_64/winarm/armgcc/bin/../lib/gcc/arm-none-eabi/7.2.1/thumb/v7-m\libgcc.a(_arm_fixsfsi.o)
                0x08003d28                __aeabi_f2iz
                0x08003d28                __fixsfsi
 .text.atoi     0x08003d74        0x8 d:/iti/c/imt_environment/imt_sdk_win_64/winarm/armgcc/bin/../lib/gcc/arm-none-eabi/7.2.1/../../../../arm-none-eabi/lib/thumb/v7-m\libg_nano.a(lib_a-atoi.o)
                0x08003d74                atoi
 .text.__errno  0x08003d7c        0xc d:/iti/c/imt_environment/imt_sdk_win_64/winarm/armgcc/bin/../lib/gcc/arm-none-eabi/7.2.1/../../../../arm-none-eabi/lib/thumb/v7-m\libg_nano.a(lib_a-errno.o)
                0x08003d7c                __errno
 .text.memchr   0x08003d88       0x1c d:/iti/c/imt_environment/imt_sdk_win_64/winarm/armgcc/bin/../lib/gcc/arm-none-eabi/7.2.1/../../../../arm-none-eabi/lib/thumb/v7-m\libg_nano.a(lib_a-memchr-stub.o)
                0x08003d88                memchr
 .text.memcmp   0x08003da4       0x1e d:/iti/c/imt_environment/imt_sdk_win_64/winarm/armgcc/bin/../lib/gcc/arm-none-eabi/7.2.1/../../../../arm-none-eabi/lib/thumb/v7-m\libg_nano.a(lib_a-memcmp.o)
                0x08003da4                memcmp
 .text.memcpy   0x08003dc2       0x16 d:/iti/c/imt_environment/imt_sdk_win_64/winarm/armgcc/bin/../lib/gcc/arm-none-eabi/7.2.1/../../../../arm-none-eabi/lib/thumb/v7-m\libg_nano.a(lib_a-memcpy-stub.o)
                0x08003dc2                memcpy
 .text.sprintf  0x08003dd8       0x40 d:/iti/c/imt_environment/imt_sdk_win_64/winarm/armgcc/bin/../lib/gcc/arm-none-eabi/7.2.1/../../../../arm-none-eabi/lib/thumb/v7-m\libg_nano.a(lib_a-sprintf.o)
                0x08003dd8                siprintf
                0x08003dd8                sprintf
 .text          0x08003e18       0x14 d:/iti/c/imt_environment/imt_sdk_win_64/winarm/armgcc/bin/../lib/gcc/arm-none-eabi/7.2.1/../../../../arm-none-eabi/lib/thumb/v7-m\libg_nano.a(lib_a-strcmp.o)
                0x08003e18                strcmp
 .text.strcpy   0x08003e2c       0x10 d:/iti/c/imt_environment/imt_sdk_win_64/winarm/armgcc/bin/../lib/gcc/arm-none-eabi/7.2.1/../../../../arm-none-eabi/lib/thumb/v7-m\libg_nano.a(lib_a-strcpy.o)
                0x08003e2c                strcpy
 .text          0x08003e3c       0x10 d:/iti/c/imt_environment/imt_sdk_win_64/winarm/armgcc/bin/../lib/gcc/arm-none-eabi/7.2.1/../../../../arm-none-eabi/lib/thumb/v7-m\libg_nano.a(lib_a-strlen.o)
                0x08003e3c                strlen
 .text.strstr   0x08003e4c       0x34 d:/iti/c/imt_environment/imt_sdk_win_64/winarm/armgcc/bin/../lib/gcc/arm-none-eabi/7.2.1/../../../../arm-none-eabi/lib/thumb/v7-m\libg_nano.a(lib_a-strstr.o)
                0x08003e4c                strstr
 .text._strtol_l.isra.0
                0x08003e80       0xf6 d:/iti/c/imt_environment/imt_sdk_win_64/winarm/armgcc/bin/../lib/gcc/arm-none-eabi/7.2.1/../../../../arm-none-eabi/lib/thumb/v7-m\libg_nano.a(lib_a-strtol.o)
 *fill*         0x08003f76        0x2 
 .text.strtol   0x08003f78       0x2c d:/iti/c/imt_environment/imt_sdk_win_64/winarm/armgcc/bin/../lib/gcc/arm-none-eabi/7.2.1/../../../../arm-none-eabi/lib/thumb/v7-m\libg_nano.a(lib_a-strtol.o)
                0x08003f78                strtol
 .text._vsnprintf_r
                0x08003fa4       0x58 d:/iti/c/imt_environment/imt_sdk_win_64/winarm/armgcc/bin/../lib/gcc/arm-none-eabi/7.2.1/../../../../arm-none-eabi/lib/thumb/v7-m\libg_nano.a(lib_a-vsnprintf.o)
                0x08003fa4                _vsniprintf_r
                0x08003fa4                _vsnprintf_r
 .text.vsnprintf
                0x08003ffc       0x1c d:/iti/c/imt_environment/imt_sdk_win_64/winarm/armgcc/bin/../lib/gcc/arm-none-eabi/7.2.1/../../../../arm-none-eabi/lib/thumb/v7-m\libg_nano.a(lib_a-vsnprintf.o)
                0x08003ffc                vsniprintf
                0x08003ffc                vsnprintf
 .text.__locale_ctype_ptr_l
                0x08004018        0x6 d:/iti/c/imt_environment/imt_sdk_win_64/winarm/armgcc/bin/../lib/gcc/arm-none-eabi/7.2.1/../../../../arm-none-eabi/lib/thumb/v7-m\libg_nano.a(lib_a-locale.o)
                0x08004018                __locale_ctype_ptr_l
 .text.__ascii_mbtowc
                0x0800401e       0x24 d:/iti/c/imt_environment/imt_sdk_win_64/winarm/armgcc/bin/../lib/gcc/arm-none-eabi/7.2.1/../../../../arm-none-eabi/lib/thumb/v7-m\libg_nano.a(lib_a-mbtowc_r.o)
                0x0800401e                __ascii_mbtowc
 .text.__ssputs_r
                0x08004042       0xb4 d:/iti/c/imt_environment/imt_sdk_win_64/winarm/armgcc/bin/../lib/gcc/arm-none-eabi/7.2.1/../../../../arm-none-eabi/lib/thumb/v7-m\libg_nano.a(lib_a-nano-svfprintf.o)
                0x08004042                __ssputs_r
 *fill*         0x080040f6        0x2 
 .text._svfprintf_r
                0x080040f8      0x1ec d:/iti/c/imt_environment/imt_sdk_win_64/winarm/armgcc/bin/../lib/gcc/arm-none-eabi/7.2.1/../../../../arm-none-eabi/lib/thumb/v7-m\libg_nano.a(lib_a-nano-svfprintf.o)
                0x080040f8                _svfiprintf_r
                0x080040f8                _svfprintf_r
 .text._printf_common
                0x080042e4       0xec d:/iti/c/imt_environment/imt_sdk_win_64/winarm/armgcc/bin/../lib/gcc/arm-none-eabi/7.2.1/../../../../arm-none-eabi/lib/thumb/v7-m\libg_nano.a(lib_a-nano-vfprintf_i.o)
                0x080042e4                _printf_common
 .text._printf_i
                0x080043d0      0x224 d:/iti/c/imt_environment/imt_sdk_win_64/winarm/armgcc/bin/../lib/gcc/arm-none-eabi/7.2.1/../../../../arm-none-eabi/lib/thumb/v7-m\libg_nano.a(lib_a-nano-vfprintf_i.o)
                0x080043d0                _printf_i
 .text.__ascii_wctomb
                0x080045f4       0x1a d:/iti/c/imt_environment/imt_sdk_win_64/winarm/armgcc/bin/../lib/gcc/arm-none-eabi/7.2.1/../../../../arm-none-eabi/lib/thumb/v7-m\libg_nano.a(lib_a-wctomb_r.o)
                0x080045f4                __ascii_wctomb
 .text.memmove  0x0800460e       0x32 d:/iti/c/imt_environment/imt_sdk_win_64/winarm/armgcc/bin/../lib/gcc/arm-none-eabi/7.2.1/../../../../arm-none-eabi/lib/thumb/v7-m\libg_nano.a(lib_a-memmove.o)
                0x0800460e                memmove
 .text._free_r  0x08004640       0x98 d:/iti/c/imt_environment/imt_sdk_win_64/winarm/armgcc/bin/../lib/gcc/arm-none-eabi/7.2.1/../../../../arm-none-eabi/lib/thumb/v7-m\libg_nano.a(lib_a-nano-freer.o)
                0x08004640                _free_r
 .text._malloc_r
                0x080046d8       0xb4 d:/iti/c/imt_environment/imt_sdk_win_64/winarm/armgcc/bin/../lib/gcc/arm-none-eabi/7.2.1/../../../../arm-none-eabi/lib/thumb/v7-m\libg_nano.a(lib_a-nano-mallocr.o)
                0x080046d8                _malloc_r
 .text._realloc_r
                0x0800478c       0x4c d:/iti/c/imt_environment/imt_sdk_win_64/winarm/armgcc/bin/../lib/gcc/arm-none-eabi/7.2.1/../../../../arm-none-eabi/lib/thumb/v7-m\libg_nano.a(lib_a-nano-reallocr.o)
                0x0800478c                _realloc_r
 .text._sbrk_r  0x080047d8       0x20 d:/iti/c/imt_environment/imt_sdk_win_64/winarm/armgcc/bin/../lib/gcc/arm-none-eabi/7.2.1/../../../../arm-none-eabi/lib/thumb/v7-m\libg_nano.a(lib_a-sbrkr.o)
                0x080047d8                _sbrk_r
 .text.__malloc_lock
                0x080047f8        0x2 d:/iti/c/imt_environment/imt_sdk_win_64/winarm/armgcc/bin/../lib/gcc/arm-none-eabi/7.2.1/../../../../arm-none-eabi/lib/thumb/v7-m\libg_nano.a(lib_a-mlock.o)
                0x080047f8                __malloc_lock
 .text.__malloc_unlock
                0x080047fa        0x2 d:/iti/c/imt_environment/imt_sdk_win_64/winarm/armgcc/bin/../lib/gcc/arm-none-eabi/7.2.1/../../../../arm-none-eabi/lib/thumb/v7-m\libg_nano.a(lib_a-mlock.o)
                0x080047fa                __malloc_unlock
 .text._malloc_usable_size_r
                0x080047fc       0x10 d:/iti/c/imt_environment/imt_sdk_win_64/winarm/armgcc/bin/../lib/gcc/arm-none-eabi/7.2.1/../../../../arm-none-eabi/lib/thumb/v7-m\libg_nano.a(lib_a-nano-msizer.o)
                0x080047fc                _malloc_usable_size_r
 *(.rodata .rodata.* .constdata .constdata.*)
 .rodata.ADC_DeInit.str1.4
                0x0800480c       0x29 ./src/stm32f1-stdperiph/stm32f10x_adc.o
 *fill*         0x08004835        0x3 
 .rodata.GPIO_DeInit.str1.4
                0x08004838       0x2a ./src/stm32f1-stdperiph/stm32f10x_gpio.o
 *fill*         0x08004862        0x2 
 .rodata.RCC_HSEConfig.str1.4
                0x08004864       0x29 ./src/stm32f1-stdperiph/stm32f10x_rcc.o
 *fill*         0x0800488d        0x3 
 .rodata.abort.str1.4
                0x08004890       0x14 ./src/newlib/_exit.o
 .rodata.__assert_func.str1.4
                0x080048a4       0x3f ./src/newlib/assert.o
                                 0x43 (size before relaxing)
 *fill*         0x080048e3        0x1 
 .rodata.assert_failed.str1.4
                0x080048e4       0x2b ./src/newlib/assert.o
 .rodata.trace_puts.str1.4
                0x0800490f       0x2b ./src/diag/Trace.o
                                  0x2 (size before relaxing)
 *fill*         0x0800490f        0x1 
 .rodata.dumpExceptionStack.str1.4
                0x08004910      0x11a ./src/cortexm/exception_handlers.o
 *fill*         0x08004a2a        0x2 
 .rodata.str1.4
                0x08004a2c       0x2a ./src/cortexm/exception_handlers.o
 *fill*         0x08004a56        0x2 
 .rodata.ESP82_ConnectWifi.str1.4
                0x08004a58       0x35 ./src/ESP8266Client.o
 *fill*         0x08004a8d        0x3 
 .rodata.ESP82_IsConnectedWifi.str1.4
                0x08004a90        0xf ./src/ESP8266Client.o
 *fill*         0x08004a9f        0x1 
 .rodata.ESP82_Receive.str1.4
                0x08004aa0        0x8 ./src/ESP8266Client.o
 .rodata.ESP82_Send.str1.4
                0x08004aa8       0x10 ./src/ESP8266Client.o
 .rodata.ESP82_StartTCP.str1.4
                0x08004ab8       0x3d ./src/ESP8266Client.o
 *fill*         0x08004af5        0x3 
 .rodata.ESP82_checkResponse.str1.4
                0x08004af8       0x6b ./src/ESP8266Client.o
 .rodata.ESP82_readLine.str1.4
                0x08004b63       0x6b ./src/ESP8266Client.o
                                  0x3 (size before relaxing)
 *fill*         0x08004b63        0x1 
 .rodata.MQTTSerialize_connect.str1.4
                0x08004b64        0xf ./src/MQTTConnectClient.o
 *fill*         0x08004b73        0x1 
 .rodata.__func__.6175
                0x08004b74        0xa ./src/led.o
 *fill*         0x08004b7e        0x2 
 .rodata.vLedWrite.str1.4
                0x08004b80       0x21 ./src/led.o
 *fill*         0x08004ba1        0x3 
 .rodata        0x08004ba4       0x58 ./src/main.o
 .rodata.main.str1.4
                0x08004bfc        0x8 ./src/main.o
 .rodata.prvTemperaturePublisher.str1.4
                0x08004c04       0x3f ./src/main.o
 *fill*         0x08004c43        0x1 
 .rodata.network_send.str1.4
                0x08004c44       0x11 ./src/networkwrapper.o
 *fill*         0x08004c55        0x3 
 .rodata.vTaskStartScheduler.str1.4
                0x08004c58        0x5 ./src/tasks.o
 *fill*         0x08004c5d        0x3 
 .rodata.xTimerCreateTimerTask.str1.4
                0x08004c60        0x8 ./src/timers.o
 .rodata.__func__.5367
                0x08004c68       0x1d ./src/transport.o
 *fill*         0x08004c85        0x3 
 .rodata.__func__.5389
                0x08004c88       0x14 ./src/transport.o
 .rodata.transport_getdatanb.str1.4
                0x08004c9c       0x27 ./src/transport.o
 *fill*         0x08004cc3        0x1 
 .rodata.transport_sendPacketBuffernb.str1.4
                0x08004cc4       0x50 ./src/transport.o
                                 0x4f (size before relaxing)
 .rodata._setlocale_r.str1.1
                0x08004d14        0x8 d:/iti/c/imt_environment/imt_sdk_win_64/winarm/armgcc/bin/../lib/gcc/arm-none-eabi/7.2.1/../../../../arm-none-eabi/lib/thumb/v7-m\libg_nano.a(lib_a-locale.o)
                                  0x9 (size before relaxing)
 .rodata.str1.1
                0x08004d1c        0x2 d:/iti/c/imt_environment/imt_sdk_win_64/winarm/armgcc/bin/../lib/gcc/arm-none-eabi/7.2.1/../../../../arm-none-eabi/lib/thumb/v7-m\libg_nano.a(lib_a-locale.o)
 .rodata._svfprintf_r.str1.1
                0x08004d1e       0x11 d:/iti/c/imt_environment/imt_sdk_win_64/winarm/armgcc/bin/../lib/gcc/arm-none-eabi/7.2.1/../../../../arm-none-eabi/lib/thumb/v7-m\libg_nano.a(lib_a-nano-svfprintf.o)
 .rodata._printf_i.str1.1
                0x08004d2f       0x22 d:/iti/c/imt_environment/imt_sdk_win_64/winarm/armgcc/bin/../lib/gcc/arm-none-eabi/7.2.1/../../../../arm-none-eabi/lib/thumb/v7-m\libg_nano.a(lib_a-nano-vfprintf_i.o)
 .rodata._ctype_
                0x08004d51      0x101 d:/iti/c/imt_environment/imt_sdk_win_64/winarm/armgcc/bin/../lib/gcc/arm-none-eabi/7.2.1/../../../../arm-none-eabi/lib/thumb/v7-m\libg_nano.a(lib_a-ctype_.o)
                0x08004d51                _ctype_
 *(vtable)
 *(.eh_frame*)
 *(.glue_7)
 .glue_7        0x08004e52        0x0 linker stubs
 *(.glue_7t)
 .glue_7t       0x08004e52        0x0 linker stubs

.vfp11_veneer   0x08004e54        0x0
 .vfp11_veneer  0x08004e54        0x0 linker stubs

.v4_bx          0x08004e54        0x0
 .v4_bx         0x08004e54        0x0 linker stubs

.iplt           0x08004e54        0x0
 .iplt          0x08004e54        0x0 ./src/stm32f1-stdperiph/stm32f10x_adc.o

.rel.dyn        0x08004e54        0x0
 .rel.iplt      0x08004e54        0x0 ./src/stm32f1-stdperiph/stm32f10x_adc.o

.ARM.extab
 *(.ARM.extab* .gnu.linkonce.armextab.*)
                0x08004e54                . = ALIGN (0x4)
                0x08004e54                __exidx_start = .

.ARM.exidx
 *(.ARM.exidx* .gnu.linkonce.armexidx.*)
                0x08004e54                __exidx_end = .
                0x08004e54                . = ALIGN (0x4)
                0x08004e54                _etext = .
                0x08004e54                __etext = .

.data_CCMRAM    0x00000000        0x0 load address 0x08004e54
 FILL mask 0xff
 *(.data.CCMRAM .data.CCMRAM.*)
                0x00000000                . = ALIGN (0x4)
                0x08004e54                _sidata = LOADADDR (.data)

.data           0x20000000      0x224 load address 0x08004e54
 FILL mask 0xff
                0x20000000                _sdata = .
                0x20000000                __data_start__ = .
 *(.data_begin .data_begin.*)
 .data_begin    0x20000000        0x4 ./src/newlib/_startup.o
 *(.data .data.*)
 .data.argv.4310
                0x20000004        0x8 ./src/newlib/_syscalls.o
 .data.AHBPrescTable
                0x2000000c       0x10 ./src/cmsis/system_stm32f10x.o
                0x2000000c                AHBPrescTable
 .data.SystemCoreClock
                0x2000001c        0x4 ./src/cmsis/system_stm32f10x.o
                0x2000001c                SystemCoreClock
 .data.iof.8557
                0x20000020        0x8 ./src/main.o
 .data.network_host
                0x20000028       0x20 ./src/networkwrapper.o
 .data.network_keepalive
                0x20000048        0x2 ./src/networkwrapper.o
 .data.network_port
                0x2000004a        0x2 ./src/networkwrapper.o
 .data.uxCriticalNesting
                0x2000004c        0x4 ./src/port.o
 .data._impure_ptr
                0x20000050        0x4 d:/iti/c/imt_environment/imt_sdk_win_64/winarm/armgcc/bin/../lib/gcc/arm-none-eabi/7.2.1/../../../../arm-none-eabi/lib/thumb/v7-m\libg_nano.a(lib_a-impure.o)
                0x20000050                _impure_ptr
 .data.impure_data
                0x20000054       0x60 d:/iti/c/imt_environment/imt_sdk_win_64/winarm/armgcc/bin/../lib/gcc/arm-none-eabi/7.2.1/../../../../arm-none-eabi/lib/thumb/v7-m\libg_nano.a(lib_a-impure.o)
 .data.__global_locale
                0x200000b4      0x16c d:/iti/c/imt_environment/imt_sdk_win_64/winarm/armgcc/bin/../lib/gcc/arm-none-eabi/7.2.1/../../../../arm-none-eabi/lib/thumb/v7-m\libg_nano.a(lib_a-locale.o)
                0x200000b4                __global_locale
 *(.data_end .data_end.*)
 .data_end      0x20000220        0x4 ./src/newlib/_startup.o
                0x20000224                . = ALIGN (0x4)
                0x20000224                _edata = .
                0x20000224                __data_end__ = .

.igot.plt       0x20000224        0x0 load address 0x08005078
 .igot.plt      0x20000224        0x0 ./src/stm32f1-stdperiph/stm32f10x_adc.o

.bss_CCMRAM     0x00000000        0x0
 *(.bss.CCMRAM .bss.CCMRAM.*)

.bss            0x20000224     0x14b8
                0x20000224                __bss_start__ = .
                0x20000224                _sbss = .
 *(.bss_begin .bss_begin.*)
 .bss_begin     0x20000224        0x4 ./src/newlib/_startup.o
 *(.bss .bss.*)
 .bss.current_heap_end.3961
                0x20000228        0x4 ./src/newlib/_sbrk.o
 .bss.name.4309
                0x2000022c        0x1 ./src/newlib/_syscalls.o
 *fill*         0x2000022d        0x3 
 .bss.buf.5205  0x20000230       0x80 ./src/diag/Trace.o
 .bss.ESP82_SR_State
                0x200002b0        0x4 ./src/ESP8266Client.o
 .bss.ESP82_cmdBuffer
                0x200002b4       0x80 ./src/ESP8266Client.o
 .bss.ESP82_getTime_ms
                0x20000334        0x4 ./src/ESP8266Client.o
 .bss.ESP82_inProgress
                0x20000338        0x1 ./src/ESP8266Client.o
 *fill*         0x20000339        0x3 
 .bss.ESP82_receivedFlags
                0x2000033c        0x4 ./src/ESP8266Client.o
 .bss.ESP82_resBuffer
                0x20000340       0x80 ./src/ESP8266Client.o
 .bss.ESP82_resBufferBack
                0x200003c0        0x1 ./src/ESP8266Client.o
 .bss.ESP82_resBufferFront
                0x200003c1        0x1 ./src/ESP8266Client.o
 *fill*         0x200003c2        0x2 
 .bss.ESP82_t0  0x200003c4        0x4 ./src/ESP8266Client.o
 .bss.ESP82_uartRxBuf
                0x200003c8       0x80 ./src/ESP8266Client.o
 .bss.ESP82_uartTxBuf
                0x20000448       0x80 ./src/ESP8266Client.o
 .bss.expectedLength.4685
                0x200004c8        0x4 ./src/ESP8266Client.o
 .bss.internalState.4609
                0x200004cc        0x1 ./src/ESP8266Client.o
 .bss.internalState.4620
                0x200004cd        0x1 ./src/ESP8266Client.o
 .bss.internalState.4646
                0x200004ce        0x1 ./src/ESP8266Client.o
 .bss.internalState.4666
                0x200004cf        0x1 ./src/ESP8266Client.o
 .bss.internalState.4684
                0x200004d0        0x1 ./src/ESP8266Client.o
 *fill*         0x200004d1        0x3 
 .bss.lineString.4594
                0x200004d4        0x4 ./src/ESP8266Client.o
 .bss.bufptr    0x200004d8        0x4 ./src/MQTTPacket.o
 .bss.pucAlignedHeap.4633
                0x200004dc        0x4 ./src/heap_1.o
 .bss.ucHeap    0x200004e0     0x1000 ./src/heap_1.o
 .bss.xNextFreeByte
                0x200014e0        0x4 ./src/heap_1.o
 .bss.network_recv_state
                0x200014e4        0x4 ./src/networkwrapper.o
 .bss.network_send_state
                0x200014e8        0x4 ./src/networkwrapper.o
 .bss.network_ssl
                0x200014ec        0x1 ./src/networkwrapper.o
 *fill*         0x200014ed        0x3 
 .bss.receiveBuffer.4569
                0x200014f0       0x80 ./src/networkwrapper.o
 .bss.receiveBufferBack.4570
                0x20001570        0x4 ./src/networkwrapper.o
 .bss.receiveBufferFront.4571
                0x20001574        0x4 ./src/networkwrapper.o
 .bss.ucMaxSysCallPriority
                0x20001578        0x1 ./src/port.o
 *fill*         0x20001579        0x3 
 .bss.ulMaxPRIGROUPValue
                0x2000157c        0x4 ./src/port.o
 .bss.pxCurrentTCB
                0x20001580        0x4 ./src/tasks.o
                0x20001580                pxCurrentTCB
 .bss.pxDelayedTaskList
                0x20001584        0x4 ./src/tasks.o
 .bss.pxOverflowDelayedTaskList
                0x20001588        0x4 ./src/tasks.o
 .bss.pxReadyTasksLists
                0x2000158c       0x64 ./src/tasks.o
 .bss.uxCurrentNumberOfTasks
                0x200015f0        0x4 ./src/tasks.o
 .bss.uxDeletedTasksWaitingCleanUp
                0x200015f4        0x4 ./src/tasks.o
 .bss.uxPendedTicks
                0x200015f8        0x4 ./src/tasks.o
 .bss.uxSchedulerSuspended
                0x200015fc        0x4 ./src/tasks.o
 .bss.uxTaskNumber
                0x20001600        0x4 ./src/tasks.o
 .bss.uxTopReadyPriority
                0x20001604        0x4 ./src/tasks.o
 .bss.xDelayedTaskList1
                0x20001608       0x14 ./src/tasks.o
 .bss.xDelayedTaskList2
                0x2000161c       0x14 ./src/tasks.o
 .bss.xIdleTaskHandle
                0x20001630        0x4 ./src/tasks.o
 .bss.xNextTaskUnblockTime
                0x20001634        0x4 ./src/tasks.o
 .bss.xNumOfOverflows
                0x20001638        0x4 ./src/tasks.o
 .bss.xPendingReadyList
                0x2000163c       0x14 ./src/tasks.o
 .bss.xSchedulerRunning
                0x20001650        0x4 ./src/tasks.o
 .bss.xSuspendedTaskList
                0x20001654       0x14 ./src/tasks.o
 .bss.xTasksWaitingTermination
                0x20001668       0x14 ./src/tasks.o
 .bss.xTickCount
                0x2000167c        0x4 ./src/tasks.o
 .bss.xYieldPending
                0x20001680        0x4 ./src/tasks.o
 .bss.pxCurrentTimerList
                0x20001684        0x4 ./src/timers.o
 .bss.pxOverflowTimerList
                0x20001688        0x4 ./src/timers.o
 .bss.xActiveTimerList1
                0x2000168c       0x14 ./src/timers.o
 .bss.xActiveTimerList2
                0x200016a0       0x14 ./src/timers.o
 .bss.xLastTime.4926
                0x200016b4        0x4 ./src/timers.o
 .bss.xTimerQueue
                0x200016b8        0x4 ./src/timers.o
 .bss.xTimerTaskHandle
                0x200016bc        0x4 ./src/timers.o
 .bss.from      0x200016c0        0x4 ./src/transport.o
 .bss.howmany   0x200016c4        0x4 ./src/transport.o
 .bss.io        0x200016c8        0x4 ./src/transport.o
 .bss.__malloc_free_list
                0x200016cc        0x4 d:/iti/c/imt_environment/imt_sdk_win_64/winarm/armgcc/bin/../lib/gcc/arm-none-eabi/7.2.1/../../../../arm-none-eabi/lib/thumb/v7-m\libg_nano.a(lib_a-nano-mallocr.o)
                0x200016cc                __malloc_free_list
 .bss.__malloc_sbrk_start
                0x200016d0        0x4 d:/iti/c/imt_environment/imt_sdk_win_64/winarm/armgcc/bin/../lib/gcc/arm-none-eabi/7.2.1/../../../../arm-none-eabi/lib/thumb/v7-m\libg_nano.a(lib_a-nano-mallocr.o)
                0x200016d0                __malloc_sbrk_start
 *(COMMON)
 COMMON         0x200016d4        0x4 ./src/newlib/_syscalls.o
                0x200016d4                errno
 *(.bss_end .bss_end.*)
 .bss_end       0x200016d8        0x4 ./src/newlib/_startup.o
                0x200016dc                . = ALIGN (0x4)
                0x200016dc                __bss_end__ = .
                0x200016dc                _ebss = .

.noinit_CCMRAM
 *(.noinit.CCMRAM .noinit.CCMRAM.*)

.noinit         0x200016dc        0x0
                0x200016dc                _noinit = .
 *(.noinit .noinit.*)
                0x200016dc                . = ALIGN (0x4)
                0x200016dc                _end_noinit = .
                [!provide]                PROVIDE (end, _end_noinit)
                [!provide]                PROVIDE (_end, _end_noinit)
                [!provide]                PROVIDE (__end, _end_noinit)
                [!provide]                PROVIDE (__end__, _end_noinit)

._check_stack   0x200016dc      0x100
                0x200017dc                . = (. + _Minimum_Stack_Size)
 *fill*         0x200016dc      0x100 

.b1text
 *(.b1text)
 *(.b1rodata)
 *(.b1rodata.*)

.eb0text
 *(.eb0text)
 *(.eb0rodata)
 *(.eb0rodata.*)

.eb1text
 *(.eb1text)
 *(.eb1rodata)
 *(.eb1rodata.*)

.eb2text
 *(.eb2text)
 *(.eb2rodata)
 *(.eb2rodata.*)

.eb3text
 *(.eb3text)
 *(.eb3rodata)
 *(.eb3rodata.*)

.stab
 *(.stab)

.stabstr
 *(.stabstr)

.stab.excl
 *(.stab.excl)

.stab.exclstr
 *(.stab.exclstr)

.stab.index
 *(.stab.index)

.stab.indexstr
 *(.stab.indexstr)

.comment        0x00000000       0x7e
 *(.comment)
 .comment       0x00000000       0x7e ./src/stm32f1-stdperiph/stm32f10x_adc.o
                                 0x7f (size before relaxing)
 .comment       0x0000007e       0x7f ./src/stm32f1-stdperiph/stm32f10x_gpio.o
 .comment       0x0000007e       0x7f ./src/stm32f1-stdperiph/stm32f10x_rcc.o
 .comment       0x0000007e       0x7f ./src/newlib/_exit.o
 .comment       0x0000007e       0x7f ./src/newlib/_sbrk.o
 .comment       0x0000007e       0x7f ./src/newlib/_startup.o
 .comment       0x0000007e       0x7f ./src/newlib/_syscalls.o
 .comment       0x0000007e       0x7f ./src/newlib/assert.o
 .comment       0x0000007e       0x7f ./src/diag/Trace.o
 .comment       0x0000007e       0x7f ./src/diag/trace_impl.o
 .comment       0x0000007e       0x7f ./src/cortexm/_initialize_hardware.o
 .comment       0x0000007e       0x7f ./src/cortexm/exception_handlers.o
 .comment       0x0000007e       0x7f ./src/cmsis/system_stm32f10x.o
 .comment       0x0000007e       0x7f ./src/cmsis/vectors_stm32f10x.o
 .comment       0x0000007e       0x7f ./src/ESP8266Client.o
 .comment       0x0000007e       0x7f ./src/MQTTConnectClient.o
 .comment       0x0000007e       0x7f ./src/MQTTPacket.o
 .comment       0x0000007e       0x7f ./src/MQTTSerializePublish.o
 .comment       0x0000007e       0x7f ./src/heap_1.o
 .comment       0x0000007e       0x7f ./src/led.o
 .comment       0x0000007e       0x7f ./src/list.o
 .comment       0x0000007e       0x7f ./src/main.o
 .comment       0x0000007e       0x7f ./src/networkwrapper.o
 .comment       0x0000007e       0x7f ./src/port.o
 .comment       0x0000007e       0x7f ./src/queue.o
 .comment       0x0000007e       0x7f ./src/tasks.o
 .comment       0x0000007e       0x7f ./src/temperature.o
 .comment       0x0000007e       0x7f ./src/timers.o
 .comment       0x0000007e       0x7f ./src/transport.o

.ARM.attributes
                0x00000000       0x31
 .ARM.attributes
                0x00000000       0x33 ./src/stm32f1-stdperiph/stm32f10x_adc.o
 .ARM.attributes
                0x00000033       0x33 ./src/stm32f1-stdperiph/stm32f10x_gpio.o
 .ARM.attributes
                0x00000066       0x33 ./src/stm32f1-stdperiph/stm32f10x_rcc.o
 .ARM.attributes
                0x00000099       0x33 ./src/newlib/_exit.o
 .ARM.attributes
                0x000000cc       0x33 ./src/newlib/_sbrk.o
 .ARM.attributes
                0x000000ff       0x33 ./src/newlib/_startup.o
 .ARM.attributes
                0x00000132       0x33 ./src/newlib/_syscalls.o
 .ARM.attributes
                0x00000165       0x33 ./src/newlib/assert.o
 .ARM.attributes
                0x00000198       0x33 ./src/diag/Trace.o
 .ARM.attributes
                0x000001cb       0x33 ./src/diag/trace_impl.o
 .ARM.attributes
                0x000001fe       0x33 ./src/cortexm/_initialize_hardware.o
 .ARM.attributes
                0x00000231       0x33 ./src/cortexm/exception_handlers.o
 .ARM.attributes
                0x00000264       0x33 ./src/cmsis/system_stm32f10x.o
 .ARM.attributes
                0x00000297       0x33 ./src/cmsis/vectors_stm32f10x.o
 .ARM.attributes
                0x000002ca       0x33 ./src/ESP8266Client.o
 .ARM.attributes
                0x000002fd       0x33 ./src/MQTTConnectClient.o
 .ARM.attributes
                0x00000330       0x33 ./src/MQTTPacket.o
 .ARM.attributes
                0x00000363       0x33 ./src/MQTTSerializePublish.o
 .ARM.attributes
                0x00000396       0x33 ./src/heap_1.o
 .ARM.attributes
                0x000003c9       0x33 ./src/led.o
 .ARM.attributes
                0x000003fc       0x33 ./src/list.o
 .ARM.attributes
                0x0000042f       0x33 ./src/main.o
 .ARM.attributes
                0x00000462       0x33 ./src/networkwrapper.o
 .ARM.attributes
                0x00000495       0x33 ./src/port.o
 .ARM.attributes
                0x000004c8       0x33 ./src/queue.o
 .ARM.attributes
                0x000004fb       0x33 ./src/tasks.o
 .ARM.attributes
                0x0000052e       0x33 ./src/temperature.o
 .ARM.attributes
                0x00000561       0x33 ./src/timers.o
 .ARM.attributes
                0x00000594       0x33 ./src/transport.o
 .ARM.attributes
                0x000005c7       0x1d d:/iti/c/imt_environment/imt_sdk_win_64/winarm/armgcc/bin/../lib/gcc/arm-none-eabi/7.2.1/thumb/v7-m\libgcc.a(_arm_addsubsf3.o)
 .ARM.attributes
                0x000005e4       0x1d d:/iti/c/imt_environment/imt_sdk_win_64/winarm/armgcc/bin/../lib/gcc/arm-none-eabi/7.2.1/thumb/v7-m\libgcc.a(_arm_muldivsf3.o)
 .ARM.attributes
                0x00000601       0x1d d:/iti/c/imt_environment/imt_sdk_win_64/winarm/armgcc/bin/../lib/gcc/arm-none-eabi/7.2.1/thumb/v7-m\libgcc.a(_arm_fixsfsi.o)
 .ARM.attributes
                0x0000061e       0x2d d:/iti/c/imt_environment/imt_sdk_win_64/winarm/armgcc/bin/../lib/gcc/arm-none-eabi/7.2.1/../../../../arm-none-eabi/lib/thumb/v7-m\libg_nano.a(lib_a-atoi.o)
 .ARM.attributes
                0x0000064b       0x2d d:/iti/c/imt_environment/imt_sdk_win_64/winarm/armgcc/bin/../lib/gcc/arm-none-eabi/7.2.1/../../../../arm-none-eabi/lib/thumb/v7-m\libg_nano.a(lib_a-errno.o)
 .ARM.attributes
                0x00000678       0x2d d:/iti/c/imt_environment/imt_sdk_win_64/winarm/armgcc/bin/../lib/gcc/arm-none-eabi/7.2.1/../../../../arm-none-eabi/lib/thumb/v7-m\libg_nano.a(lib_a-impure.o)
 .ARM.attributes
                0x000006a5       0x2d d:/iti/c/imt_environment/imt_sdk_win_64/winarm/armgcc/bin/../lib/gcc/arm-none-eabi/7.2.1/../../../../arm-none-eabi/lib/thumb/v7-m\libg_nano.a(lib_a-memchr-stub.o)
 .ARM.attributes
                0x000006d2       0x2d d:/iti/c/imt_environment/imt_sdk_win_64/winarm/armgcc/bin/../lib/gcc/arm-none-eabi/7.2.1/../../../../arm-none-eabi/lib/thumb/v7-m\libg_nano.a(lib_a-memcmp.o)
 .ARM.attributes
                0x000006ff       0x2d d:/iti/c/imt_environment/imt_sdk_win_64/winarm/armgcc/bin/../lib/gcc/arm-none-eabi/7.2.1/../../../../arm-none-eabi/lib/thumb/v7-m\libg_nano.a(lib_a-memcpy-stub.o)
 .ARM.attributes
                0x0000072c       0x2d d:/iti/c/imt_environment/imt_sdk_win_64/winarm/armgcc/bin/../lib/gcc/arm-none-eabi/7.2.1/../../../../arm-none-eabi/lib/thumb/v7-m\libg_nano.a(lib_a-sprintf.o)
 .ARM.attributes
                0x00000759       0x1b d:/iti/c/imt_environment/imt_sdk_win_64/winarm/armgcc/bin/../lib/gcc/arm-none-eabi/7.2.1/../../../../arm-none-eabi/lib/thumb/v7-m\libg_nano.a(lib_a-strcmp.o)
 .ARM.attributes
                0x00000774       0x2d d:/iti/c/imt_environment/imt_sdk_win_64/winarm/armgcc/bin/../lib/gcc/arm-none-eabi/7.2.1/../../../../arm-none-eabi/lib/thumb/v7-m\libg_nano.a(lib_a-strcpy.o)
 .ARM.attributes
                0x000007a1       0x17 d:/iti/c/imt_environment/imt_sdk_win_64/winarm/armgcc/bin/../lib/gcc/arm-none-eabi/7.2.1/../../../../arm-none-eabi/lib/thumb/v7-m\libg_nano.a(lib_a-strlen.o)
 .ARM.attributes
                0x000007b8       0x2d d:/iti/c/imt_environment/imt_sdk_win_64/winarm/armgcc/bin/../lib/gcc/arm-none-eabi/7.2.1/../../../../arm-none-eabi/lib/thumb/v7-m\libg_nano.a(lib_a-strstr.o)
 .ARM.attributes
                0x000007e5       0x2d d:/iti/c/imt_environment/imt_sdk_win_64/winarm/armgcc/bin/../lib/gcc/arm-none-eabi/7.2.1/../../../../arm-none-eabi/lib/thumb/v7-m\libg_nano.a(lib_a-strtol.o)
 .ARM.attributes
                0x00000812       0x2d d:/iti/c/imt_environment/imt_sdk_win_64/winarm/armgcc/bin/../lib/gcc/arm-none-eabi/7.2.1/../../../../arm-none-eabi/lib/thumb/v7-m\libg_nano.a(lib_a-vsnprintf.o)
 .ARM.attributes
                0x0000083f       0x2d d:/iti/c/imt_environment/imt_sdk_win_64/winarm/armgcc/bin/../lib/gcc/arm-none-eabi/7.2.1/../../../../arm-none-eabi/lib/thumb/v7-m\libg_nano.a(lib_a-locale.o)
 .ARM.attributes
                0x0000086c       0x2d d:/iti/c/imt_environment/imt_sdk_win_64/winarm/armgcc/bin/../lib/gcc/arm-none-eabi/7.2.1/../../../../arm-none-eabi/lib/thumb/v7-m\libg_nano.a(lib_a-mbtowc_r.o)
 .ARM.attributes
                0x00000899       0x2d d:/iti/c/imt_environment/imt_sdk_win_64/winarm/armgcc/bin/../lib/gcc/arm-none-eabi/7.2.1/../../../../arm-none-eabi/lib/thumb/v7-m\libg_nano.a(lib_a-nano-svfprintf.o)
 .ARM.attributes
                0x000008c6       0x2d d:/iti/c/imt_environment/imt_sdk_win_64/winarm/armgcc/bin/../lib/gcc/arm-none-eabi/7.2.1/../../../../arm-none-eabi/lib/thumb/v7-m\libg_nano.a(lib_a-nano-vfprintf_i.o)
 .ARM.attributes
                0x000008f3       0x2d d:/iti/c/imt_environment/imt_sdk_win_64/winarm/armgcc/bin/../lib/gcc/arm-none-eabi/7.2.1/../../../../arm-none-eabi/lib/thumb/v7-m\libg_nano.a(lib_a-wctomb_r.o)
 .ARM.attributes
                0x00000920       0x2d d:/iti/c/imt_environment/imt_sdk_win_64/winarm/armgcc/bin/../lib/gcc/arm-none-eabi/7.2.1/../../../../arm-none-eabi/lib/thumb/v7-m\libg_nano.a(lib_a-ctype_.o)
 .ARM.attributes
                0x0000094d       0x2d d:/iti/c/imt_environment/imt_sdk_win_64/winarm/armgcc/bin/../lib/gcc/arm-none-eabi/7.2.1/../../../../arm-none-eabi/lib/thumb/v7-m\libg_nano.a(lib_a-memmove.o)
 .ARM.attributes
                0x0000097a       0x2d d:/iti/c/imt_environment/imt_sdk_win_64/winarm/armgcc/bin/../lib/gcc/arm-none-eabi/7.2.1/../../../../arm-none-eabi/lib/thumb/v7-m\libg_nano.a(lib_a-nano-freer.o)
 .ARM.attributes
                0x000009a7       0x2d d:/iti/c/imt_environment/imt_sdk_win_64/winarm/armgcc/bin/../lib/gcc/arm-none-eabi/7.2.1/../../../../arm-none-eabi/lib/thumb/v7-m\libg_nano.a(lib_a-nano-mallocr.o)
 .ARM.attributes
                0x000009d4       0x2d d:/iti/c/imt_environment/imt_sdk_win_64/winarm/armgcc/bin/../lib/gcc/arm-none-eabi/7.2.1/../../../../arm-none-eabi/lib/thumb/v7-m\libg_nano.a(lib_a-nano-reallocr.o)
 .ARM.attributes
                0x00000a01       0x2d d:/iti/c/imt_environment/imt_sdk_win_64/winarm/armgcc/bin/../lib/gcc/arm-none-eabi/7.2.1/../../../../arm-none-eabi/lib/thumb/v7-m\libg_nano.a(lib_a-sbrkr.o)
 .ARM.attributes
                0x00000a2e       0x2d d:/iti/c/imt_environment/imt_sdk_win_64/winarm/armgcc/bin/../lib/gcc/arm-none-eabi/7.2.1/../../../../arm-none-eabi/lib/thumb/v7-m\libg_nano.a(lib_a-mlock.o)
 .ARM.attributes
                0x00000a5b       0x2d d:/iti/c/imt_environment/imt_sdk_win_64/winarm/armgcc/bin/../lib/gcc/arm-none-eabi/7.2.1/../../../../arm-none-eabi/lib/thumb/v7-m\libg_nano.a(lib_a-nano-msizer.o)

.debug
 *(.debug)

.line
 *(.line)

.debug_srcinfo
 *(.debug_srcinfo)

.debug_sfnames
 *(.debug_sfnames)

.debug_aranges  0x00000000      0xc78
 *(.debug_aranges)
 .debug_aranges
                0x00000000      0x138 ./src/stm32f1-stdperiph/stm32f10x_adc.o
 .debug_aranges
                0x00000138       0xa8 ./src/stm32f1-stdperiph/stm32f10x_gpio.o
 .debug_aranges
                0x000001e0      0x118 ./src/stm32f1-stdperiph/stm32f10x_rcc.o
 .debug_aranges
                0x000002f8       0x28 ./src/newlib/_exit.o
 .debug_aranges
                0x00000320       0x20 ./src/newlib/_sbrk.o
 .debug_aranges
                0x00000340       0x40 ./src/newlib/_startup.o
 .debug_aranges
                0x00000380       0x30 ./src/newlib/_syscalls.o
 .debug_aranges
                0x000003b0       0x28 ./src/newlib/assert.o
 .debug_aranges
                0x000003d8       0x38 ./src/diag/Trace.o
 .debug_aranges
                0x00000410       0x30 ./src/diag/trace_impl.o
 .debug_aranges
                0x00000440       0x28 ./src/cortexm/_initialize_hardware.o
 .debug_aranges
                0x00000468       0x90 ./src/cortexm/exception_handlers.o
 .debug_aranges
                0x000004f8       0x38 ./src/cmsis/system_stm32f10x.o
 .debug_aranges
                0x00000530       0x20 ./src/cmsis/vectors_stm32f10x.o
 .debug_aranges
                0x00000550       0x98 ./src/ESP8266Client.o
 .debug_aranges
                0x000005e8       0x48 ./src/MQTTConnectClient.o
 .debug_aranges
                0x00000630       0xb0 ./src/MQTTPacket.o
 .debug_aranges
                0x000006e0       0x50 ./src/MQTTSerializePublish.o
 .debug_aranges
                0x00000730       0x38 ./src/heap_1.o
 .debug_aranges
                0x00000768       0x20 ./src/led.o
 .debug_aranges
                0x00000788       0x40 ./src/list.o
 .debug_aranges
                0x000007c8       0x30 ./src/main.o
 .debug_aranges
                0x000007f8       0x40 ./src/networkwrapper.o
 .debug_aranges
                0x00000838       0x78 ./src/port.o
 .debug_aranges
                0x000008b0       0xe8 ./src/queue.o
 .debug_aranges
                0x00000998      0x1b0 ./src/tasks.o
 .debug_aranges
                0x00000b48       0x28 ./src/temperature.o
 .debug_aranges
                0x00000b70       0xb8 ./src/timers.o
 .debug_aranges
                0x00000c28       0x50 ./src/transport.o

.debug_pubnames
 *(.debug_pubnames)

.debug_info     0x00000000    0x17918
 *(.debug_info .gnu.linkonce.wi.*)
 .debug_info    0x00000000     0x142c ./src/stm32f1-stdperiph/stm32f10x_adc.o
 .debug_info    0x0000142c      0xbd3 ./src/stm32f1-stdperiph/stm32f10x_gpio.o
 .debug_info    0x00001fff      0xc77 ./src/stm32f1-stdperiph/stm32f10x_rcc.o
 .debug_info    0x00002c76      0x956 ./src/newlib/_exit.o
 .debug_info    0x000035cc      0x942 ./src/newlib/_sbrk.o
 .debug_info    0x00003f0e      0x42e ./src/newlib/_startup.o
 .debug_info    0x0000433c      0xa19 ./src/newlib/_syscalls.o
 .debug_info    0x00004d55      0x9ff ./src/newlib/assert.o
 .debug_info    0x00005754      0xb2a ./src/diag/Trace.o
 .debug_info    0x0000627e      0x363 ./src/diag/trace_impl.o
 .debug_info    0x000065e1      0x2b5 ./src/cortexm/_initialize_hardware.o
 .debug_info    0x00006896     0x1140 ./src/cortexm/exception_handlers.o
 .debug_info    0x000079d6      0x494 ./src/cmsis/system_stm32f10x.o
 .debug_info    0x00007e6a       0xca ./src/cmsis/vectors_stm32f10x.o
 .debug_info    0x00007f34     0x16cc ./src/ESP8266Client.o
 .debug_info    0x00009600     0x10c9 ./src/MQTTConnectClient.o
 .debug_info    0x0000a6c9     0x11ed ./src/MQTTPacket.o
 .debug_info    0x0000b8b6      0xec8 ./src/MQTTSerializePublish.o
 .debug_info    0x0000c77e      0x9f0 ./src/heap_1.o
 .debug_info    0x0000d16e      0x30d ./src/led.o
 .debug_info    0x0000d47b      0xac2 ./src/list.o
 .debug_info    0x0000df3d      0xfae ./src/main.o
 .debug_info    0x0000eeeb      0xbb5 ./src/networkwrapper.o
 .debug_info    0x0000faa0      0x4ea ./src/port.o
 .debug_info    0x0000ff8a     0x2446 ./src/queue.o
 .debug_info    0x000123d0     0x2c17 ./src/tasks.o
 .debug_info    0x00014fe7      0x4a2 ./src/temperature.o
 .debug_info    0x00015489     0x184d ./src/timers.o
 .debug_info    0x00016cd6      0xc42 ./src/transport.o

.debug_abbrev   0x00000000     0x4321
 *(.debug_abbrev)
 .debug_abbrev  0x00000000      0x1ed ./src/stm32f1-stdperiph/stm32f10x_adc.o
 .debug_abbrev  0x000001ed      0x209 ./src/stm32f1-stdperiph/stm32f10x_gpio.o
 .debug_abbrev  0x000003f6      0x20b ./src/stm32f1-stdperiph/stm32f10x_rcc.o
 .debug_abbrev  0x00000601      0x1f3 ./src/newlib/_exit.o
 .debug_abbrev  0x000007f4      0x1fc ./src/newlib/_sbrk.o
 .debug_abbrev  0x000009f0      0x1b3 ./src/newlib/_startup.o
 .debug_abbrev  0x00000ba3      0x234 ./src/newlib/_syscalls.o
 .debug_abbrev  0x00000dd7      0x1f3 ./src/newlib/assert.o
 .debug_abbrev  0x00000fca      0x276 ./src/diag/Trace.o
 .debug_abbrev  0x00001240      0x1e2 ./src/diag/trace_impl.o
 .debug_abbrev  0x00001422       0xea ./src/cortexm/_initialize_hardware.o
 .debug_abbrev  0x0000150c      0x32b ./src/cortexm/exception_handlers.o
 .debug_abbrev  0x00001837      0x177 ./src/cmsis/system_stm32f10x.o
 .debug_abbrev  0x000019ae       0x9d ./src/cmsis/vectors_stm32f10x.o
 .debug_abbrev  0x00001a4b      0x383 ./src/ESP8266Client.o
 .debug_abbrev  0x00001dce      0x303 ./src/MQTTConnectClient.o
 .debug_abbrev  0x000020d1      0x3de ./src/MQTTPacket.o
 .debug_abbrev  0x000024af      0x2dc ./src/MQTTSerializePublish.o
 .debug_abbrev  0x0000278b      0x298 ./src/heap_1.o
 .debug_abbrev  0x00002a23      0x186 ./src/led.o
 .debug_abbrev  0x00002ba9      0x223 ./src/list.o
 .debug_abbrev  0x00002dcc      0x29d ./src/main.o
 .debug_abbrev  0x00003069      0x242 ./src/networkwrapper.o
 .debug_abbrev  0x000032ab      0x22c ./src/port.o
 .debug_abbrev  0x000034d7      0x35d ./src/queue.o
 .debug_abbrev  0x00003834      0x3b1 ./src/tasks.o
 .debug_abbrev  0x00003be5      0x163 ./src/temperature.o
 .debug_abbrev  0x00003d48      0x321 ./src/timers.o
 .debug_abbrev  0x00004069      0x2b8 ./src/transport.o

.debug_line     0x00000000     0x9d97
 *(.debug_line)
 .debug_line    0x00000000      0xaee ./src/stm32f1-stdperiph/stm32f10x_adc.o
 .debug_line    0x00000aee      0x91a ./src/stm32f1-stdperiph/stm32f10x_gpio.o
 .debug_line    0x00001408      0x893 ./src/stm32f1-stdperiph/stm32f10x_rcc.o
 .debug_line    0x00001c9b      0x348 ./src/newlib/_exit.o
 .debug_line    0x00001fe3      0x2fc ./src/newlib/_sbrk.o
 .debug_line    0x000022df      0x3b6 ./src/newlib/_startup.o
 .debug_line    0x00002695      0x412 ./src/newlib/_syscalls.o
 .debug_line    0x00002aa7      0x383 ./src/newlib/assert.o
 .debug_line    0x00002e2a      0x3c4 ./src/diag/Trace.o
 .debug_line    0x000031ee      0x657 ./src/diag/trace_impl.o
 .debug_line    0x00003845      0x393 ./src/cortexm/_initialize_hardware.o
 .debug_line    0x00003bd8      0x719 ./src/cortexm/exception_handlers.o
 .debug_line    0x000042f1      0x406 ./src/cmsis/system_stm32f10x.o
 .debug_line    0x000046f7       0xf9 ./src/cmsis/vectors_stm32f10x.o
 .debug_line    0x000047f0      0x58c ./src/ESP8266Client.o
 .debug_line    0x00004d7c      0x4a3 ./src/MQTTConnectClient.o
 .debug_line    0x0000521f      0x59b ./src/MQTTPacket.o
 .debug_line    0x000057ba      0x46b ./src/MQTTSerializePublish.o
 .debug_line    0x00005c25      0x3d8 ./src/heap_1.o
 .debug_line    0x00005ffd      0x4bb ./src/led.o
 .debug_line    0x000064b8      0x3eb ./src/list.o
 .debug_line    0x000068a3      0x85e ./src/main.o
 .debug_line    0x00007101      0x3ad ./src/networkwrapper.o
 .debug_line    0x000074ae      0x33e ./src/port.o
 .debug_line    0x000077ec      0x9f5 ./src/queue.o
 .debug_line    0x000081e1      0xd8d ./src/tasks.o
 .debug_line    0x00008f6e      0x39c ./src/temperature.o
 .debug_line    0x0000930a      0x644 ./src/timers.o
 .debug_line    0x0000994e      0x449 ./src/transport.o

.debug_frame    0x00000000     0x2778
 *(.debug_frame)
 .debug_frame   0x00000000      0x3d8 ./src/stm32f1-stdperiph/stm32f10x_adc.o
 .debug_frame   0x000003d8      0x1e8 ./src/stm32f1-stdperiph/stm32f10x_gpio.o
 .debug_frame   0x000005c0      0x320 ./src/stm32f1-stdperiph/stm32f10x_rcc.o
 .debug_frame   0x000008e0       0x38 ./src/newlib/_exit.o
 .debug_frame   0x00000918       0x28 ./src/newlib/_sbrk.o
 .debug_frame   0x00000940       0x7c ./src/newlib/_startup.o
 .debug_frame   0x000009bc       0x50 ./src/newlib/_syscalls.o
 .debug_frame   0x00000a0c       0x40 ./src/newlib/assert.o
 .debug_frame   0x00000a4c       0x94 ./src/diag/Trace.o
 .debug_frame   0x00000ae0       0x64 ./src/diag/trace_impl.o
 .debug_frame   0x00000b44       0x40 ./src/cortexm/_initialize_hardware.o
 .debug_frame   0x00000b84      0x158 ./src/cortexm/exception_handlers.o
 .debug_frame   0x00000cdc       0x6c ./src/cmsis/system_stm32f10x.o
 .debug_frame   0x00000d48       0x20 ./src/cmsis/vectors_stm32f10x.o
 .debug_frame   0x00000d68      0x1e0 ./src/ESP8266Client.o
 .debug_frame   0x00000f48       0xd4 ./src/MQTTConnectClient.o
 .debug_frame   0x0000101c      0x1f4 ./src/MQTTPacket.o
 .debug_frame   0x00001210       0xf0 ./src/MQTTSerializePublish.o
 .debug_frame   0x00001300       0x5c ./src/heap_1.o
 .debug_frame   0x0000135c       0x34 ./src/led.o
 .debug_frame   0x00001390       0x6c ./src/list.o
 .debug_frame   0x000013fc       0x6c ./src/main.o
 .debug_frame   0x00001468       0x80 ./src/networkwrapper.o
 .debug_frame   0x000014e8       0xf0 ./src/port.o
 .debug_frame   0x000015d8      0x2f8 ./src/queue.o
 .debug_frame   0x000018d0      0x548 ./src/tasks.o
 .debug_frame   0x00001e18       0x48 ./src/temperature.o
 .debug_frame   0x00001e60      0x234 ./src/timers.o
 .debug_frame   0x00002094       0xa4 ./src/transport.o
 .debug_frame   0x00002138       0x4c d:/iti/c/imt_environment/imt_sdk_win_64/winarm/armgcc/bin/../lib/gcc/arm-none-eabi/7.2.1/thumb/v7-m\libgcc.a(_arm_addsubsf3.o)
 .debug_frame   0x00002184       0x38 d:/iti/c/imt_environment/imt_sdk_win_64/winarm/armgcc/bin/../lib/gcc/arm-none-eabi/7.2.1/thumb/v7-m\libgcc.a(_arm_muldivsf3.o)
 .debug_frame   0x000021bc       0x24 d:/iti/c/imt_environment/imt_sdk_win_64/winarm/armgcc/bin/../lib/gcc/arm-none-eabi/7.2.1/thumb/v7-m\libgcc.a(_arm_fixsfsi.o)
 .debug_frame   0x000021e0       0x30 d:/iti/c/imt_environment/imt_sdk_win_64/winarm/armgcc/bin/../lib/gcc/arm-none-eabi/7.2.1/../../../../arm-none-eabi/lib/thumb/v7-m\libg_nano.a(lib_a-atoi.o)
 .debug_frame   0x00002210       0x20 d:/iti/c/imt_environment/imt_sdk_win_64/winarm/armgcc/bin/../lib/gcc/arm-none-eabi/7.2.1/../../../../arm-none-eabi/lib/thumb/v7-m\libg_nano.a(lib_a-errno.o)
 .debug_frame   0x00002230       0x28 d:/iti/c/imt_environment/imt_sdk_win_64/winarm/armgcc/bin/../lib/gcc/arm-none-eabi/7.2.1/../../../../arm-none-eabi/lib/thumb/v7-m\libg_nano.a(lib_a-memchr-stub.o)
 .debug_frame   0x00002258       0x2c d:/iti/c/imt_environment/imt_sdk_win_64/winarm/armgcc/bin/../lib/gcc/arm-none-eabi/7.2.1/../../../../arm-none-eabi/lib/thumb/v7-m\libg_nano.a(lib_a-memcmp.o)
 .debug_frame   0x00002284       0x28 d:/iti/c/imt_environment/imt_sdk_win_64/winarm/armgcc/bin/../lib/gcc/arm-none-eabi/7.2.1/../../../../arm-none-eabi/lib/thumb/v7-m\libg_nano.a(lib_a-memcpy-stub.o)
 .debug_frame   0x000022ac       0x6c d:/iti/c/imt_environment/imt_sdk_win_64/winarm/armgcc/bin/../lib/gcc/arm-none-eabi/7.2.1/../../../../arm-none-eabi/lib/thumb/v7-m\libg_nano.a(lib_a-sprintf.o)
 .debug_frame   0x00002318       0x20 d:/iti/c/imt_environment/imt_sdk_win_64/winarm/armgcc/bin/../lib/gcc/arm-none-eabi/7.2.1/../../../../arm-none-eabi/lib/thumb/v7-m\libg_nano.a(lib_a-strcmp.o)
 .debug_frame   0x00002338       0x20 d:/iti/c/imt_environment/imt_sdk_win_64/winarm/armgcc/bin/../lib/gcc/arm-none-eabi/7.2.1/../../../../arm-none-eabi/lib/thumb/v7-m\libg_nano.a(lib_a-strcpy.o)
 .debug_frame   0x00002358       0x30 d:/iti/c/imt_environment/imt_sdk_win_64/winarm/armgcc/bin/../lib/gcc/arm-none-eabi/7.2.1/../../../../arm-none-eabi/lib/thumb/v7-m\libg_nano.a(lib_a-strstr.o)
 .debug_frame   0x00002388       0x84 d:/iti/c/imt_environment/imt_sdk_win_64/winarm/armgcc/bin/../lib/gcc/arm-none-eabi/7.2.1/../../../../arm-none-eabi/lib/thumb/v7-m\libg_nano.a(lib_a-strtol.o)
 .debug_frame   0x0000240c       0x4c d:/iti/c/imt_environment/imt_sdk_win_64/winarm/armgcc/bin/../lib/gcc/arm-none-eabi/7.2.1/../../../../arm-none-eabi/lib/thumb/v7-m\libg_nano.a(lib_a-vsnprintf.o)
 .debug_frame   0x00002458       0x68 d:/iti/c/imt_environment/imt_sdk_win_64/winarm/armgcc/bin/../lib/gcc/arm-none-eabi/7.2.1/../../../../arm-none-eabi/lib/thumb/v7-m\libg_nano.a(lib_a-locale.o)
 .debug_frame   0x000024c0       0x48 d:/iti/c/imt_environment/imt_sdk_win_64/winarm/armgcc/bin/../lib/gcc/arm-none-eabi/7.2.1/../../../../arm-none-eabi/lib/thumb/v7-m\libg_nano.a(lib_a-mbtowc_r.o)
 .debug_frame   0x00002508       0x90 d:/iti/c/imt_environment/imt_sdk_win_64/winarm/armgcc/bin/../lib/gcc/arm-none-eabi/7.2.1/../../../../arm-none-eabi/lib/thumb/v7-m\libg_nano.a(lib_a-nano-svfprintf.o)
 .debug_frame   0x00002598       0x60 d:/iti/c/imt_environment/imt_sdk_win_64/winarm/armgcc/bin/../lib/gcc/arm-none-eabi/7.2.1/../../../../arm-none-eabi/lib/thumb/v7-m\libg_nano.a(lib_a-nano-vfprintf_i.o)
 .debug_frame   0x000025f8       0x3c d:/iti/c/imt_environment/imt_sdk_win_64/winarm/armgcc/bin/../lib/gcc/arm-none-eabi/7.2.1/../../../../arm-none-eabi/lib/thumb/v7-m\libg_nano.a(lib_a-wctomb_r.o)
 .debug_frame   0x00002634       0x28 d:/iti/c/imt_environment/imt_sdk_win_64/winarm/armgcc/bin/../lib/gcc/arm-none-eabi/7.2.1/../../../../arm-none-eabi/lib/thumb/v7-m\libg_nano.a(lib_a-memmove.o)
 .debug_frame   0x0000265c       0x38 d:/iti/c/imt_environment/imt_sdk_win_64/winarm/armgcc/bin/../lib/gcc/arm-none-eabi/7.2.1/../../../../arm-none-eabi/lib/thumb/v7-m\libg_nano.a(lib_a-nano-freer.o)
 .debug_frame   0x00002694       0x2c d:/iti/c/imt_environment/imt_sdk_win_64/winarm/armgcc/bin/../lib/gcc/arm-none-eabi/7.2.1/../../../../arm-none-eabi/lib/thumb/v7-m\libg_nano.a(lib_a-nano-mallocr.o)
 .debug_frame   0x000026c0       0x3c d:/iti/c/imt_environment/imt_sdk_win_64/winarm/armgcc/bin/../lib/gcc/arm-none-eabi/7.2.1/../../../../arm-none-eabi/lib/thumb/v7-m\libg_nano.a(lib_a-nano-reallocr.o)
 .debug_frame   0x000026fc       0x2c d:/iti/c/imt_environment/imt_sdk_win_64/winarm/armgcc/bin/../lib/gcc/arm-none-eabi/7.2.1/../../../../arm-none-eabi/lib/thumb/v7-m\libg_nano.a(lib_a-sbrkr.o)
 .debug_frame   0x00002728       0x30 d:/iti/c/imt_environment/imt_sdk_win_64/winarm/armgcc/bin/../lib/gcc/arm-none-eabi/7.2.1/../../../../arm-none-eabi/lib/thumb/v7-m\libg_nano.a(lib_a-mlock.o)
 .debug_frame   0x00002758       0x20 d:/iti/c/imt_environment/imt_sdk_win_64/winarm/armgcc/bin/../lib/gcc/arm-none-eabi/7.2.1/../../../../arm-none-eabi/lib/thumb/v7-m\libg_nano.a(lib_a-nano-msizer.o)

.debug_str      0x00000000    0x5fafb
 *(.debug_str)
 .debug_str     0x00000000    0x4f148 ./src/stm32f1-stdperiph/stm32f10x_adc.o
                              0x4f304 (size before relaxing)
 .debug_str     0x0004f148      0x5af ./src/stm32f1-stdperiph/stm32f10x_gpio.o
                              0x4ed28 (size before relaxing)
 .debug_str     0x0004f6f7      0xb43 ./src/stm32f1-stdperiph/stm32f10x_rcc.o
                              0x4f2f7 (size before relaxing)
 .debug_str     0x0005023a     0x4fe2 ./src/newlib/_exit.o
                               0x7ec3 (size before relaxing)
 .debug_str     0x0005521c      0x36e ./src/newlib/_sbrk.o
                               0x7275 (size before relaxing)
 .debug_str     0x0005558a      0x259 ./src/newlib/_startup.o
                               0x69b0 (size before relaxing)
 .debug_str     0x000557e3      0xe84 ./src/newlib/_syscalls.o
                               0x8150 (size before relaxing)
 .debug_str     0x00056667       0xc9 ./src/newlib/assert.o
                               0x89c8 (size before relaxing)
 .debug_str     0x00056730      0x80b ./src/diag/Trace.o
                               0x863b (size before relaxing)
 .debug_str     0x00056f3b      0x374 ./src/diag/trace_impl.o
                              0x52a21 (size before relaxing)
 .debug_str     0x000572af       0xab ./src/cortexm/_initialize_hardware.o
                              0x4e812 (size before relaxing)
 .debug_str     0x0005735a      0x16b ./src/cortexm/exception_handlers.o
                              0x53c46 (size before relaxing)
 .debug_str     0x000574c5       0x8f ./src/cmsis/system_stm32f10x.o
                              0x4e8ac (size before relaxing)
 .debug_str     0x00057554       0x50 ./src/cmsis/vectors_stm32f10x.o
                               0x3851 (size before relaxing)
 .debug_str     0x000575a4      0x8d0 ./src/ESP8266Client.o
                               0x75b0 (size before relaxing)
 .debug_str     0x00057e74      0x5de ./src/MQTTConnectClient.o
                               0x7ab6 (size before relaxing)
 .debug_str     0x00058452      0x146 ./src/MQTTPacket.o
                               0x79b8 (size before relaxing)
 .debug_str     0x00058598       0xd3 ./src/MQTTSerializePublish.o
                               0x7998 (size before relaxing)
 .debug_str     0x0005866b     0x3c7b ./src/heap_1.o
                               0xa86d (size before relaxing)
 .debug_str     0x0005c2e6       0x4b ./src/led.o
                              0x4eff8 (size before relaxing)
 .debug_str     0x0005c331      0x124 ./src/list.o
                               0xa2a3 (size before relaxing)
 .debug_str     0x0005c455      0x1e0 ./src/main.o
                              0x5714b (size before relaxing)
 .debug_str     0x0005c635      0x124 ./src/networkwrapper.o
                               0x6e9a (size before relaxing)
 .debug_str     0x0005c759      0x713 ./src/port.o
                               0x7dbe (size before relaxing)
 .debug_str     0x0005ce6c      0xf40 ./src/queue.o
                               0xb8b5 (size before relaxing)
 .debug_str     0x0005ddac     0x17f9 ./src/tasks.o
                               0xc454 (size before relaxing)
 .debug_str     0x0005f5a5       0xa9 ./src/temperature.o
                              0x4e9fd (size before relaxing)
 .debug_str     0x0005f64e      0x40b ./src/timers.o
                               0xbd37 (size before relaxing)
 .debug_str     0x0005fa59       0xa2 ./src/transport.o
                               0x818b (size before relaxing)

.debug_loc      0x00000000     0x7cde
 *(.debug_loc)
 .debug_loc     0x00000000      0xe8d ./src/stm32f1-stdperiph/stm32f10x_adc.o
 .debug_loc     0x00000e8d      0x870 ./src/stm32f1-stdperiph/stm32f10x_gpio.o
 .debug_loc     0x000016fd      0xa63 ./src/stm32f1-stdperiph/stm32f10x_rcc.o
 .debug_loc     0x00002160       0x85 ./src/newlib/_sbrk.o
 .debug_loc     0x000021e5      0x1a9 ./src/newlib/_startup.o
 .debug_loc     0x0000238e       0x63 ./src/newlib/_syscalls.o
 .debug_loc     0x000023f1      0x134 ./src/newlib/assert.o
 .debug_loc     0x00002525       0xf6 ./src/diag/Trace.o
 .debug_loc     0x0000261b      0x121 ./src/diag/trace_impl.o
 .debug_loc     0x0000273c      0x291 ./src/cortexm/exception_handlers.o
 .debug_loc     0x000029cd       0xdf ./src/cmsis/system_stm32f10x.o
 .debug_loc     0x00002aac      0x728 ./src/ESP8266Client.o
 .debug_loc     0x000031d4      0x3c8 ./src/MQTTConnectClient.o
 .debug_loc     0x0000359c      0x7da ./src/MQTTPacket.o
 .debug_loc     0x00003d76      0x476 ./src/MQTTSerializePublish.o
 .debug_loc     0x000041ec       0x54 ./src/heap_1.o
 .debug_loc     0x00004240       0xa6 ./src/led.o
 .debug_loc     0x000042e6       0x70 ./src/list.o
 .debug_loc     0x00004356      0x153 ./src/main.o
 .debug_loc     0x000044a9      0x392 ./src/networkwrapper.o
 .debug_loc     0x0000483b       0xce ./src/port.o
 .debug_loc     0x00004909      0xff9 ./src/queue.o
 .debug_loc     0x00005902     0x179a ./src/tasks.o
 .debug_loc     0x0000709c       0x13 ./src/temperature.o
 .debug_loc     0x000070af      0x9c5 ./src/timers.o
 .debug_loc     0x00007a74      0x26a ./src/transport.o

.debug_macinfo
 *(.debug_macinfo)

.debug_weaknames
 *(.debug_weaknames)

.debug_funcnames
 *(.debug_funcnames)

.debug_typenames
 *(.debug_typenames)

.debug_varnames
 *(.debug_varnames)
OUTPUT(wifi_test2.elf elf32-littlearm)

.debug_ranges   0x00000000      0xd48
 .debug_ranges  0x00000000      0x128 ./src/stm32f1-stdperiph/stm32f10x_adc.o
 .debug_ranges  0x00000128       0x98 ./src/stm32f1-stdperiph/stm32f10x_gpio.o
 .debug_ranges  0x000001c0      0x108 ./src/stm32f1-stdperiph/stm32f10x_rcc.o
 .debug_ranges  0x000002c8       0x18 ./src/newlib/_exit.o
 .debug_ranges  0x000002e0       0x10 ./src/newlib/_sbrk.o
 .debug_ranges  0x000002f0       0x78 ./src/newlib/_startup.o
 .debug_ranges  0x00000368       0x20 ./src/newlib/_syscalls.o
 .debug_ranges  0x00000388       0x18 ./src/newlib/assert.o
 .debug_ranges  0x000003a0       0x28 ./src/diag/Trace.o
 .debug_ranges  0x000003c8       0x50 ./src/diag/trace_impl.o
 .debug_ranges  0x00000418       0x18 ./src/cortexm/_initialize_hardware.o
 .debug_ranges  0x00000430       0x80 ./src/cortexm/exception_handlers.o
 .debug_ranges  0x000004b0       0x28 ./src/cmsis/system_stm32f10x.o
 .debug_ranges  0x000004d8       0x10 ./src/cmsis/vectors_stm32f10x.o
 .debug_ranges  0x000004e8      0x100 ./src/ESP8266Client.o
 .debug_ranges  0x000005e8       0x38 ./src/MQTTConnectClient.o
 .debug_ranges  0x00000620       0xb8 ./src/MQTTPacket.o
 .debug_ranges  0x000006d8       0x40 ./src/MQTTSerializePublish.o
 .debug_ranges  0x00000718       0x28 ./src/heap_1.o
 .debug_ranges  0x00000740       0x10 ./src/led.o
 .debug_ranges  0x00000750       0x30 ./src/list.o
 .debug_ranges  0x00000780       0x38 ./src/main.o
 .debug_ranges  0x000007b8       0x30 ./src/networkwrapper.o
 .debug_ranges  0x000007e8       0x68 ./src/port.o
 .debug_ranges  0x00000850      0x1b8 ./src/queue.o
 .debug_ranges  0x00000a08      0x240 ./src/tasks.o
 .debug_ranges  0x00000c48       0x18 ./src/temperature.o
 .debug_ranges  0x00000c60       0xa8 ./src/timers.o
 .debug_ranges  0x00000d08       0x40 ./src/transport.o

.debug_macro    0x00000000     0x55f9
 .debug_macro   0x00000000      0x269 ./src/stm32f1-stdperiph/stm32f10x_adc.o
 .debug_macro   0x00000269      0x13e ./src/stm32f1-stdperiph/stm32f10x_adc.o
 .debug_macro   0x000003a7       0x8b ./src/stm32f1-stdperiph/stm32f10x_adc.o
 .debug_macro   0x00000432      0x1b9 ./src/stm32f1-stdperiph/stm32f10x_gpio.o
 .debug_macro   0x000005eb      0x2a6 ./src/stm32f1-stdperiph/stm32f10x_gpio.o
 .debug_macro   0x00000891      0x287 ./src/stm32f1-stdperiph/stm32f10x_rcc.o
 .debug_macro   0x00000b18      0x3dc ./src/stm32f1-stdperiph/stm32f10x_rcc.o
 .debug_macro   0x00000ef4      0x1b4 ./src/newlib/_exit.o
 .debug_macro   0x000010a8       0x9c ./src/newlib/_exit.o
 .debug_macro   0x00001144      0x10e ./src/newlib/_exit.o
 .debug_macro   0x00001252       0x8d ./src/newlib/_exit.o
 .debug_macro   0x000012df       0x43 ./src/newlib/_exit.o
 .debug_macro   0x00001322      0x330 ./src/newlib/_exit.o
 .debug_macro   0x00001652       0x35 ./src/newlib/_exit.o
 .debug_macro   0x00001687      0x169 ./src/newlib/_sbrk.o
 .debug_macro   0x000017f0      0x174 ./src/newlib/_sbrk.o
 .debug_macro   0x00001964       0x10 ./src/newlib/_sbrk.o
 .debug_macro   0x00001974      0x23b ./src/newlib/_sbrk.o
 .debug_macro   0x00001baf      0x173 ./src/newlib/_startup.o
 .debug_macro   0x00001d22      0x217 ./src/newlib/_syscalls.o
 .debug_macro   0x00001f39       0x1c ./src/newlib/_syscalls.o
 .debug_macro   0x00001f55       0x10 ./src/newlib/_syscalls.o
 .debug_macro   0x00001f65       0x10 ./src/newlib/_syscalls.o
 .debug_macro   0x00001f75       0x10 ./src/newlib/_syscalls.o
 .debug_macro   0x00001f85       0x35 ./src/newlib/_syscalls.o
 .debug_macro   0x00001fba      0x122 ./src/newlib/_syscalls.o
 .debug_macro   0x000020dc       0x88 ./src/newlib/_syscalls.o
 .debug_macro   0x00002164       0x2b ./src/newlib/_syscalls.o
 .debug_macro   0x0000218f      0x118 ./src/newlib/_syscalls.o
 .debug_macro   0x000022a7      0x189 ./src/newlib/_syscalls.o
 .debug_macro   0x00002430       0x16 ./src/newlib/_syscalls.o
 .debug_macro   0x00002446      0x1d0 ./src/newlib/assert.o
 .debug_macro   0x00002616       0x1c ./src/newlib/assert.o
 .debug_macro   0x00002632      0x1fb ./src/diag/Trace.o
 .debug_macro   0x0000282d       0x16 ./src/diag/Trace.o
 .debug_macro   0x00002843       0x97 ./src/diag/Trace.o
 .debug_macro   0x000028da       0xfd ./src/diag/Trace.o
 .debug_macro   0x000029d7       0x10 ./src/diag/Trace.o
 .debug_macro   0x000029e7       0x16 ./src/diag/Trace.o
 .debug_macro   0x000029fd      0x16f ./src/diag/Trace.o
 .debug_macro   0x00002b6c       0x4c ./src/diag/Trace.o
 .debug_macro   0x00002bb8       0x16 ./src/diag/Trace.o
 .debug_macro   0x00002bce      0x2da ./src/diag/trace_impl.o
 .debug_macro   0x00002ea8       0x10 ./src/diag/trace_impl.o
 .debug_macro   0x00002eb8       0xcf ./src/diag/trace_impl.o
 .debug_macro   0x00002f87       0xbe ./src/diag/trace_impl.o
 .debug_macro   0x00003045       0x22 ./src/diag/trace_impl.o